Archive member included to satisfy reference by file (symbol)

/opt/gcc-arm-none-eabi-7-2018-q2-update/bin/../lib/gcc/arm-none-eabi/7.3.1/thumb/v7e-m/fpv5/hard/libgcc.a(_aeabi_ldivmod.o)
                              build/kernel/components/libc/compilers/common/time.o (__aeabi_ldivmod)
/opt/gcc-arm-none-eabi-7-2018-q2-update/bin/../lib/gcc/arm-none-eabi/7.3.1/thumb/v7e-m/fpv5/hard/libgcc.a(_aeabi_uldivmod.o)
                              libraries/STM32H7xx_HAL/STM32H7xx_HAL_Driver/Src/stm32h7xx_hal_uart.o (__aeabi_uldivmod)
/opt/gcc-arm-none-eabi-7-2018-q2-update/bin/../lib/gcc/arm-none-eabi/7.3.1/thumb/v7e-m/fpv5/hard/libgcc.a(_udivmoddi4.o)
                              /opt/gcc-arm-none-eabi-7-2018-q2-update/bin/../lib/gcc/arm-none-eabi/7.3.1/thumb/v7e-m/fpv5/hard/libgcc.a(_aeabi_ldivmod.o) (__udivmoddi4)
/opt/gcc-arm-none-eabi-7-2018-q2-update/bin/../lib/gcc/arm-none-eabi/7.3.1/thumb/v7e-m/fpv5/hard/libgcc.a(_dvmd_tls.o)
                              /opt/gcc-arm-none-eabi-7-2018-q2-update/bin/../lib/gcc/arm-none-eabi/7.3.1/thumb/v7e-m/fpv5/hard/libgcc.a(_aeabi_ldivmod.o) (__aeabi_ldiv0)
/opt/gcc-arm-none-eabi-7-2018-q2-update/bin/../lib/gcc/arm-none-eabi/7.3.1/../../../../arm-none-eabi/lib/thumb/v7e-m/fpv5/hard/libc.a(lib_a-exit.o)
                              /opt/gcc-arm-none-eabi-7-2018-q2-update/bin/../lib/gcc/arm-none-eabi/7.3.1/../../../../arm-none-eabi/lib/thumb/v7e-m/fpv5/hard/crt0.o (exit)
/opt/gcc-arm-none-eabi-7-2018-q2-update/bin/../lib/gcc/arm-none-eabi/7.3.1/../../../../arm-none-eabi/lib/thumb/v7e-m/fpv5/hard/libc.a(lib_a-impure.o)
                              /opt/gcc-arm-none-eabi-7-2018-q2-update/bin/../lib/gcc/arm-none-eabi/7.3.1/../../../../arm-none-eabi/lib/thumb/v7e-m/fpv5/hard/libc.a(lib_a-exit.o) (_global_impure_ptr)
/opt/gcc-arm-none-eabi-7-2018-q2-update/bin/../lib/gcc/arm-none-eabi/7.3.1/../../../../arm-none-eabi/lib/thumb/v7e-m/fpv5/hard/libc.a(lib_a-memcmp.o)
                              build/kernel/components/finsh/shell.o (memcmp)
/opt/gcc-arm-none-eabi-7-2018-q2-update/bin/../lib/gcc/arm-none-eabi/7.3.1/../../../../arm-none-eabi/lib/thumb/v7e-m/fpv5/hard/libc.a(lib_a-memcpy.o)
                              build/kernel/components/drivers/src/ringbuffer.o (memcpy)
/opt/gcc-arm-none-eabi-7-2018-q2-update/bin/../lib/gcc/arm-none-eabi/7.3.1/../../../../arm-none-eabi/lib/thumb/v7e-m/fpv5/hard/libc.a(lib_a-memset.o)
                              /opt/gcc-arm-none-eabi-7-2018-q2-update/bin/../lib/gcc/arm-none-eabi/7.3.1/../../../../arm-none-eabi/lib/thumb/v7e-m/fpv5/hard/crt0.o (memset)
/opt/gcc-arm-none-eabi-7-2018-q2-update/bin/../lib/gcc/arm-none-eabi/7.3.1/../../../../arm-none-eabi/lib/thumb/v7e-m/fpv5/hard/libc.a(lib_a-strcpy.o)
                              build/kernel/components/finsh/shell.o (strcpy)
/opt/gcc-arm-none-eabi-7-2018-q2-update/bin/../lib/gcc/arm-none-eabi/7.3.1/../../../../arm-none-eabi/lib/thumb/v7e-m/fpv5/hard/libc.a(lib_a-strlen.o)
                              build/kernel/components/finsh/shell.o (strlen)
/opt/gcc-arm-none-eabi-7-2018-q2-update/bin/../lib/gcc/arm-none-eabi/7.3.1/../../../../arm-none-eabi/lib/thumb/v7e-m/fpv5/hard/libc.a(lib_a-strncmp.o)
                              build/kernel/components/finsh/msh.o (strncmp)
/opt/gcc-arm-none-eabi-7-2018-q2-update/bin/../lib/gcc/arm-none-eabi/7.3.1/../../../../arm-none-eabi/lib/thumb/v7e-m/fpv5/hard/libc.a(lib_a-strncpy.o)
                              build/kernel/components/finsh/shell.o (strncpy)
/opt/gcc-arm-none-eabi-7-2018-q2-update/bin/../lib/gcc/arm-none-eabi/7.3.1/../../../../arm-none-eabi/lib/thumb/v7e-m/fpv5/hard/libc.a(lib_a-__call_atexit.o)
                              /opt/gcc-arm-none-eabi-7-2018-q2-update/bin/../lib/gcc/arm-none-eabi/7.3.1/../../../../arm-none-eabi/lib/thumb/v7e-m/fpv5/hard/libc.a(lib_a-exit.o) (__call_exitprocs)
/opt/gcc-arm-none-eabi-7-2018-q2-update/bin/../lib/gcc/arm-none-eabi/7.3.1/../../../../arm-none-eabi/lib/thumb/v7e-m/fpv5/hard/libc.a(lib_a-atexit.o)
                              /opt/gcc-arm-none-eabi-7-2018-q2-update/bin/../lib/gcc/arm-none-eabi/7.3.1/../../../../arm-none-eabi/lib/thumb/v7e-m/fpv5/hard/libc.a(lib_a-__call_atexit.o) (atexit)
/opt/gcc-arm-none-eabi-7-2018-q2-update/bin/../lib/gcc/arm-none-eabi/7.3.1/../../../../arm-none-eabi/lib/thumb/v7e-m/fpv5/hard/libc.a(lib_a-fini.o)
                              /opt/gcc-arm-none-eabi-7-2018-q2-update/bin/../lib/gcc/arm-none-eabi/7.3.1/../../../../arm-none-eabi/lib/thumb/v7e-m/fpv5/hard/libc.a(lib_a-__call_atexit.o) (__libc_fini_array)
/opt/gcc-arm-none-eabi-7-2018-q2-update/bin/../lib/gcc/arm-none-eabi/7.3.1/../../../../arm-none-eabi/lib/thumb/v7e-m/fpv5/hard/libc.a(lib_a-lock.o)
                              /opt/gcc-arm-none-eabi-7-2018-q2-update/bin/../lib/gcc/arm-none-eabi/7.3.1/../../../../arm-none-eabi/lib/thumb/v7e-m/fpv5/hard/libc.a(lib_a-__call_atexit.o) (__retarget_lock_acquire_recursive)
[...]
Memory Configuration

Name             Origin             Length             Attributes
ROM              0x0000000008000000 0x0000000000200000 xr
RAM              0x0000000024000000 0x0000000000080000 rw
*default*        0x0000000000000000 0xffffffffffffffff

Linker script and memory map

LOAD /opt/gcc-arm-none-eabi-7-2018-q2-update/bin/../lib/gcc/arm-none-eabi/7.3.1/thumb/v7e-m/fpv5/hard/crti.o
LOAD /opt/gcc-arm-none-eabi-7-2018-q2-update/bin/../lib/gcc/arm-none-eabi/7.3.1/thumb/v7e-m/fpv5/hard/crtbegin.o
LOAD /opt/gcc-arm-none-eabi-7-2018-q2-update/bin/../lib/gcc/arm-none-eabi/7.3.1/../../../../arm-none-eabi/lib/thumb/v7e-m/fpv5/hard/crt0.o
LOAD libraries/STM32H7xx_HAL/CMSIS/Device/ST/STM32H7xx/Source/Templates/gcc/startup_stm32h743xx.o
LOAD build/board/CubeMX_Config/Src/stm32h7xx_hal_msp.o
LOAD build/board/board.o
LOAD build/applications/main.o
LOAD build/kernel/src/clock.o
LOAD build/kernel/src/device.o
LOAD build/kernel/src/scheduler.o
LOAD build/kernel/src/idle.o
LOAD build/kernel/src/timer.o
LOAD build/kernel/src/irq.o
LOAD build/kernel/src/ipc.o
LOAD build/kernel/src/components.o
LOAD build/kernel/src/thread.o
LOAD build/kernel/src/object.o
LOAD build/kernel/src/mempool.o
LOAD build/kernel/src/mem.o
LOAD build/kernel/src/kservice.o
LOAD build/kernel/libcpu/arm/common/showmem.o
LOAD build/kernel/libcpu/arm/common/backtrace.o
LOAD build/kernel/libcpu/arm/common/div0.o
LOAD build/kernel/libcpu/arm/cortex-m7/cpuport.o
LOAD build/kernel/libcpu/arm/cortex-m7/context_gcc.o
LOAD build/kernel/libcpu/arm/cortex-m7/cpu_cache.o
LOAD build/kernel/components/drivers/misc/pin.o
LOAD build/kernel/components/drivers/src/waitqueue.o
LOAD build/kernel/components/drivers/src/completion.o
LOAD build/kernel/components/drivers/src/workqueue.o
LOAD build/kernel/components/drivers/src/ringbuffer.o
LOAD build/kernel/components/drivers/src/dataqueue.o
LOAD build/kernel/components/drivers/src/ringblk_buf.o
LOAD build/kernel/components/drivers/src/pipe.o
LOAD build/kernel/components/drivers/serial/serial.o
LOAD build/kernel/components/finsh/shell.o
LOAD build/kernel/components/finsh/msh.o
LOAD build/kernel/components/finsh/cmd.o
LOAD build/kernel/components/libc/compilers/common/time.o
LOAD build/kernel/components/libc/compilers/gcc/newlib/syscalls.o
LOAD libraries/STM32H7xx_HAL/STM32H7xx_HAL_Driver/Src/stm32h7xx_hal_rcc.o
LOAD libraries/STM32H7xx_HAL/STM32H7xx_HAL_Driver/Src/stm32h7xx_hal_pwr.o
LOAD libraries/STM32H7xx_HAL/STM32H7xx_HAL_Driver/Src/stm32h7xx_hal_rcc_ex.o
LOAD libraries/STM32H7xx_HAL/STM32H7xx_HAL_Driver/Src/stm32h7xx_hal_sram.o
LOAD libraries/STM32H7xx_HAL/STM32H7xx_HAL_Driver/Src/stm32h7xx_hal_cortex.o
LOAD libraries/STM32H7xx_HAL/STM32H7xx_HAL_Driver/Src/stm32h7xx_hal_cryp_ex.o
LOAD libraries/STM32H7xx_HAL/STM32H7xx_HAL_Driver/Src/stm32h7xx_hal_dma_ex.o
LOAD libraries/STM32H7xx_HAL/STM32H7xx_HAL_Driver/Src/stm32h7xx_hal_cryp.o
LOAD libraries/STM32H7xx_HAL/STM32H7xx_HAL_Driver/Src/stm32h7xx_hal_usart.o
LOAD libraries/STM32H7xx_HAL/STM32H7xx_HAL_Driver/Src/stm32h7xx_hal_crc_ex.o
LOAD libraries/STM32H7xx_HAL/STM32H7xx_HAL_Driver/Src/stm32h7xx_hal_gpio.o
LOAD libraries/STM32H7xx_HAL/STM32H7xx_HAL_Driver/Src/stm32h7xx_hal_uart_ex.o
LOAD libraries/STM32H7xx_HAL/STM32H7xx_HAL_Driver/Src/stm32h7xx_hal_mdma.o
LOAD libraries/STM32H7xx_HAL/STM32H7xx_HAL_Driver/Src/stm32h7xx_hal.o
LOAD libraries/STM32H7xx_HAL/STM32H7xx_HAL_Driver/Src/stm32h7xx_hal_dma.o
LOAD libraries/STM32H7xx_HAL/STM32H7xx_HAL_Driver/Src/stm32h7xx_hal_uart.o
LOAD libraries/STM32H7xx_HAL/STM32H7xx_HAL_Driver/Src/stm32h7xx_hal_comp.o
LOAD libraries/STM32H7xx_HAL/STM32H7xx_HAL_Driver/Src/stm32h7xx_hal_rng.o
LOAD libraries/STM32H7xx_HAL/STM32H7xx_HAL_Driver/Src/stm32h7xx_hal_crc.o
LOAD libraries/STM32H7xx_HAL/STM32H7xx_HAL_Driver/Src/stm32h7xx_hal_cec.o
LOAD libraries/STM32H7xx_HAL/STM32H7xx_HAL_Driver/Src/stm32h7xx_hal_pwr_ex.o
LOAD libraries/STM32H7xx_HAL/CMSIS/Device/ST/STM32H7xx/Source/Templates/system_stm32h7xx.o
LOAD libraries/HAL_Drivers/drv_gpio.o
LOAD libraries/HAL_Drivers/drv_usart.o
LOAD libraries/HAL_Drivers/drv_common.o
LOAD /opt/gcc-arm-none-eabi-7-2018-q2-update/bin/../lib/gcc/arm-none-eabi/7.3.1/../../../../arm-none-eabi/lib/thumb/v7e-m/fpv5/hard/libm.a
START GROUP
LOAD /opt/gcc-arm-none-eabi-7-2018-q2-update/bin/../lib/gcc/arm-none-eabi/7.3.1/thumb/v7e-m/fpv5/hard/libgcc.a
LOAD /opt/gcc-arm-none-eabi-7-2018-q2-update/bin/../lib/gcc/arm-none-eabi/7.3.1/../../../../arm-none-eabi/lib/thumb/v7e-m/fpv5/hard/libc.a
END GROUP
LOAD /opt/gcc-arm-none-eabi-7-2018-q2-update/bin/../lib/gcc/arm-none-eabi/7.3.1/thumb/v7e-m/fpv5/hard/crtend.o
LOAD /opt/gcc-arm-none-eabi-7-2018-q2-update/bin/../lib/gcc/arm-none-eabi/7.3.1/thumb/v7e-m/fpv5/hard/crtn.o
                0x0000000000000400                _system_stack_size = 0x400

.text           0x0000000008000000    0x132f8
                0x0000000008000000                . = ALIGN (0x4)
                0x0000000008000000                _stext = .
 *(.isr_vector)
 .isr_vector    0x0000000008000000      0x298 libraries/STM32H7xx_HAL/CMSIS/Device/ST/STM32H7xx/Source/Templates/gcc/startup_stm32h743xx.o
                0x0000000008000000                g_pfnVectors
                0x0000000008000298                . = ALIGN (0x4)
 *(.text)
 .text          0x0000000008000298       0x40 /opt/gcc-arm-none-eabi-7-2018-q2-update/bin/../lib/gcc/arm-none-eabi/7.3.1/thumb/v7e-m/fpv5/hard/crtbegin.o
 .text          0x00000000080002d8      0x13c build/kernel/libcpu/arm/cortex-m7/context_gcc.o
                0x00000000080002d8                rt_hw_interrupt_disable
                0x00000000080002e0                rt_hw_interrupt_enable
                0x00000000080002e6                rt_hw_context_switch_interrupt
                0x00000000080002e6                rt_hw_context_switch
                0x0000000008000306                PendSV_Handler
                0x0000000008000372                rt_hw_context_switch_to
                0x00000000080003b8                rt_hw_interrupt_thread_switch
                0x00000000080003bc                HardFault_Handler
 .text          0x0000000008000414       0x30 /opt/gcc-arm-none-eabi-7-2018-q2-update/bin/../lib/gcc/arm-none-eabi/7.3.1/thumb/v7e-m/fpv5/hard/libgcc.a(_aeabi_uldivmod.o)
                0x0000000008000414                __aeabi_uldivmod
 .text          0x0000000008000444      0x2cc /opt/gcc-arm-none-eabi-7-2018-q2-update/bin/../lib/gcc/arm-none-eabi/7.3.1/thumb/v7e-m/fpv5/hard/libgcc.a(_udivmoddi4.o)
                0x0000000008000444                __udivmoddi4
 .text          0x0000000008000710        0x4 /opt/gcc-arm-none-eabi-7-2018-q2-update/bin/../lib/gcc/arm-none-eabi/7.3.1/thumb/v7e-m/fpv5/hard/libgcc.a(_dvmd_tls.o)
                0x0000000008000710                __aeabi_ldiv0
                0x0000000008000710                __aeabi_idiv0
 .text          0x0000000008000714      0x134 /opt/gcc-arm-none-eabi-7-2018-q2-update/bin/../lib/gcc/arm-none-eabi/7.3.1/../../../../arm-none-eabi/lib/thumb/v7e-m/fpv5/hard/libc.a(lib_a-memcpy.o)
                0x0000000008000714                memcpy
 *fill*         0x0000000008000848       0x38 00000000
 .text          0x0000000008000880       0xdc /opt/gcc-arm-none-eabi-7-2018-q2-update/bin/../lib/gcc/arm-none-eabi/7.3.1/../../../../arm-none-eabi/lib/thumb/v7e-m/fpv5/hard/libc.a(lib_a-strlen.o)
                0x0000000008000880                strlen
 *(.text.*)
 .text.Reset_Handler
                0x000000000800095c       0x50 libraries/STM32H7xx_HAL/CMSIS/Device/ST/STM32H7xx/Source/Templates/gcc/startup_stm32h743xx.o
                0x000000000800095c                Reset_Handler
 .text.Default_Handler
                0x00000000080009ac        0x2 libraries/STM32H7xx_HAL/CMSIS/Device/ST/STM32H7xx/Source/Templates/gcc/startup_stm32h743xx.o
                0x00000000080009ac                RTC_Alarm_IRQHandler
                0x00000000080009ac                TIM8_CC_IRQHandler
                0x00000000080009ac                HRTIM1_Master_IRQHandler
                0x00000000080009ac                DebugMon_Handler
                0x00000000080009ac                UART8_IRQHandler
                0x00000000080009ac                SPI4_IRQHandler
                0x00000000080009ac                TIM1_CC_IRQHandler
                0x00000000080009ac                BDMA_Channel6_IRQHandler
                0x00000000080009ac                DMA2_Stream5_IRQHandler
                0x00000000080009ac                HRTIM1_FLT_IRQHandler
                0x00000000080009ac                JPEG_IRQHandler
                0x00000000080009ac                DMA1_Stream5_IRQHandler
                0x00000000080009ac                BDMA_Channel1_IRQHandler
                0x00000000080009ac                HRTIM1_TIMD_IRQHandler
                0x00000000080009ac                TAMP_STAMP_IRQHandler
                0x00000000080009ac                NMI_Handler
                0x00000000080009ac                LPTIM4_IRQHandler
                0x00000000080009ac                TIM8_TRG_COM_TIM14_IRQHandler
                0x00000000080009ac                LPTIM2_IRQHandler
                0x00000000080009ac                DFSDM1_FLT1_IRQHandler
                0x00000000080009ac                DMAMUX2_OVR_IRQHandler
                0x00000000080009ac                TIM8_UP_TIM13_IRQHandler
                0x00000000080009ac                I2C3_ER_IRQHandler
                0x00000000080009ac                DFSDM1_FLT2_IRQHandler
                0x00000000080009ac                MDMA_IRQHandler
                0x00000000080009ac                LPTIM3_IRQHandler
                0x00000000080009ac                HSEM1_IRQHandler
                0x00000000080009ac                I2C2_EV_IRQHandler
                0x00000000080009ac                DMA1_Stream2_IRQHandler
                0x00000000080009ac                FPU_IRQHandler
                0x00000000080009ac                OTG_HS_WKUP_IRQHandler
                0x00000000080009ac                FDCAN1_IT1_IRQHandler
                0x00000000080009ac                UsageFault_Handler
                0x00000000080009ac                LTDC_ER_IRQHandler
                0x00000000080009ac                DMA2_Stream2_IRQHandler
                0x00000000080009ac                HRTIM1_TIME_IRQHandler
                0x00000000080009ac                SPI1_IRQHandler
                0x00000000080009ac                TIM6_DAC_IRQHandler
                0x00000000080009ac                DCMI_IRQHandler
                0x00000000080009ac                HRTIM1_TIMC_IRQHandler
                0x00000000080009ac                DMA2_Stream3_IRQHandler
                0x00000000080009ac                SAI2_IRQHandler
                0x00000000080009ac                DFSDM1_FLT3_IRQHandler
                0x00000000080009ac                USART6_IRQHandler
                0x00000000080009ac                TIM17_IRQHandler
                0x00000000080009ac                BDMA_Channel7_IRQHandler
                0x00000000080009ac                LPTIM5_IRQHandler
                0x00000000080009ac                UART5_IRQHandler
                0x00000000080009ac                ADC3_IRQHandler
                0x00000000080009ac                DMA2_Stream0_IRQHandler
                0x00000000080009ac                TIM4_IRQHandler
                0x00000000080009ac                BDMA_Channel2_IRQHandler
                0x00000000080009ac                QUADSPI_IRQHandler
                0x00000000080009ac                I2C1_EV_IRQHandler
                0x00000000080009ac                DMA1_Stream6_IRQHandler
                0x00000000080009ac                DMAMUX1_OVR_IRQHandler
                0x00000000080009ac                DMA1_Stream1_IRQHandler
                0x00000000080009ac                TIM16_IRQHandler
                0x00000000080009ac                UART4_IRQHandler
                0x00000000080009ac                BDMA_Channel5_IRQHandler
                0x00000000080009ac                TIM3_IRQHandler
                0x00000000080009ac                RCC_IRQHandler
                0x00000000080009ac                TIM8_BRK_TIM12_IRQHandler
                0x00000000080009ac                TIM1_TRG_COM_IRQHandler
                0x00000000080009ac                Default_Handler
                0x00000000080009ac                ECC_IRQHandler
                0x00000000080009ac                CEC_IRQHandler
                0x00000000080009ac                BDMA_Channel0_IRQHandler
                0x00000000080009ac                ADC_IRQHandler
                0x00000000080009ac                DMA1_Stream7_IRQHandler
                0x00000000080009ac                HRTIM1_TIMA_IRQHandler
                0x00000000080009ac                SPI5_IRQHandler
                0x00000000080009ac                TIM7_IRQHandler
                0x00000000080009ac                SDMMC1_IRQHandler
                0x00000000080009ac                TIM5_IRQHandler
                0x00000000080009ac                DMA2_Stream7_IRQHandler
                0x00000000080009ac                TIM15_IRQHandler
                0x00000000080009ac                PVD_AVD_IRQHandler
                0x00000000080009ac                I2C3_EV_IRQHandler
                0x00000000080009ac                RTC_WKUP_IRQHandler
                0x00000000080009ac                LTDC_IRQHandler
                0x00000000080009ac                SAI3_IRQHandler
                0x00000000080009ac                ETH_WKUP_IRQHandler
                0x00000000080009ac                SPDIF_RX_IRQHandler
                0x00000000080009ac                SPI2_IRQHandler
                0x00000000080009ac                OTG_HS_EP1_IN_IRQHandler
                0x00000000080009ac                MemManage_Handler
                0x00000000080009ac                DMA1_Stream0_IRQHandler
                0x00000000080009ac                SVC_Handler
                0x00000000080009ac                CRS_IRQHandler
                0x00000000080009ac                RNG_IRQHandler
                0x00000000080009ac                HRTIM1_TIMB_IRQHandler
                0x00000000080009ac                FDCAN2_IT1_IRQHandler
                0x00000000080009ac                ETH_IRQHandler
                0x00000000080009ac                TIM1_UP_IRQHandler
                0x00000000080009ac                BDMA_Channel4_IRQHandler
                0x00000000080009ac                OTG_HS_EP1_OUT_IRQHandler
                0x00000000080009ac                WWDG_IRQHandler
                0x00000000080009ac                SPI6_IRQHandler
                0x00000000080009ac                MDIOS_IRQHandler
                0x00000000080009ac                I2C4_EV_IRQHandler
                0x00000000080009ac                FDCAN2_IT0_IRQHandler
                0x00000000080009ac                LPUART1_IRQHandler
                0x00000000080009ac                FDCAN1_IT0_IRQHandler
                0x00000000080009ac                TIM2_IRQHandler
                0x00000000080009ac                OTG_FS_WKUP_IRQHandler
                0x00000000080009ac                OTG_HS_IRQHandler
                0x00000000080009ac                DMA2D_IRQHandler
                0x00000000080009ac                TIM1_BRK_IRQHandler
                0x00000000080009ac                SDMMC2_IRQHandler
                0x00000000080009ac                OTG_FS_EP1_OUT_IRQHandler
                0x00000000080009ac                BDMA_Channel3_IRQHandler
                0x00000000080009ac                UART7_IRQHandler
                0x00000000080009ac                MDIOS_WKUP_IRQHandler
                0x00000000080009ac                USART2_IRQHandler
                0x00000000080009ac                DFSDM1_FLT0_IRQHandler
                0x00000000080009ac                SAI4_IRQHandler
                0x00000000080009ac                I2C2_ER_IRQHandler
                0x00000000080009ac                DMA2_Stream1_IRQHandler
                0x00000000080009ac                FLASH_IRQHandler
                0x00000000080009ac                DMA2_Stream4_IRQHandler
                0x00000000080009ac                BusFault_Handler
                0x00000000080009ac                USART1_IRQHandler
                0x00000000080009ac                OTG_FS_IRQHandler
                0x00000000080009ac                SPI3_IRQHandler
                0x00000000080009ac                WAKEUP_PIN_IRQHandler
                0x00000000080009ac                DMA1_Stream4_IRQHandler
                0x00000000080009ac                OTG_FS_EP1_IN_IRQHandler
                0x00000000080009ac                I2C1_ER_IRQHandler
                0x00000000080009ac                FMC_IRQHandler
                0x00000000080009ac                FDCAN_CAL_IRQHandler
                0x00000000080009ac                SWPMI1_IRQHandler
                0x00000000080009ac                COMP1_IRQHandler
                0x00000000080009ac                LPTIM1_IRQHandler
                0x00000000080009ac                I2C4_ER_IRQHandler
                0x00000000080009ac                DMA2_Stream6_IRQHandler
                0x00000000080009ac                SAI1_IRQHandler
                0x00000000080009ac                DMA1_Stream3_IRQHandler
 *fill*         0x00000000080009ae        0x2 00000000
 .text.HAL_MspInit
                0x00000000080009b0       0x34 build/board/CubeMX_Config/Src/stm32h7xx_hal_msp.o
                0x00000000080009b0                HAL_MspInit
 .text.HAL_UART_MspInit
                0x00000000080009e4       0x94 build/board/CubeMX_Config/Src/stm32h7xx_hal_msp.o
                0x00000000080009e4                HAL_UART_MspInit
 .text.HAL_UART_MspDeInit
                0x0000000008000a78       0x40 build/board/CubeMX_Config/Src/stm32h7xx_hal_msp.o
                0x0000000008000a78                HAL_UART_MspDeInit
 .text.SystemClock_Config
                0x0000000008000ab8      0x170 build/board/board.o
                0x0000000008000ab8                SystemClock_Config
 .text.main     0x0000000008000c28       0x2e build/applications/main.o
                0x0000000008000c28                main
 *fill*         0x0000000008000c56        0x2 00000000
 .text.rt_tick_get
                0x0000000008000c58       0x18 build/kernel/src/clock.o
                0x0000000008000c58                rt_tick_get
 .text.rt_tick_increase
                0x0000000008000c70       0x6c build/kernel/src/clock.o
                0x0000000008000c70                rt_tick_increase
 .text.rt_tick_from_millisecond
                0x0000000008000cdc       0x78 build/kernel/src/clock.o
                0x0000000008000cdc                rt_tick_from_millisecond
 .text.rt_device_register
                0x0000000008000d54       0x54 build/kernel/src/device.o
                0x0000000008000d54                rt_device_register
 .text.rt_device_find
                0x0000000008000da8       0x1a build/kernel/src/device.o
                0x0000000008000da8                rt_device_find
 *fill*         0x0000000008000dc2        0x2 00000000
 .text.rt_device_open
                0x0000000008000dc4      0x118 build/kernel/src/device.o
                0x0000000008000dc4                rt_device_open
 .text.rt_device_close
                0x0000000008000edc       0x9c build/kernel/src/device.o
                0x0000000008000edc                rt_device_close
 .text.rt_device_read
                0x0000000008000f78       0x88 build/kernel/src/device.o
                0x0000000008000f78                rt_device_read
 .text.rt_device_write
                0x0000000008001000       0x88 build/kernel/src/device.o
                0x0000000008001000                rt_device_write
 .text.rt_device_set_rx_indicate
                0x0000000008001088       0x54 build/kernel/src/device.o
                0x0000000008001088                rt_device_set_rx_indicate
 .text.rt_list_init
                0x00000000080010dc       0x22 build/kernel/src/scheduler.o
 .text.rt_list_insert_before
                0x00000000080010fe       0x32 build/kernel/src/scheduler.o
 .text.rt_list_remove
                0x0000000008001130       0x36 build/kernel/src/scheduler.o
 .text.rt_list_isempty
                0x0000000008001166       0x24 build/kernel/src/scheduler.o
 *fill*         0x000000000800118a        0x2 00000000
 .text._rt_scheduler_stack_check
                0x000000000800118c       0x94 build/kernel/src/scheduler.o
 .text._scheduler_get_highest_priority_thread
                0x0000000008001220       0x38 build/kernel/src/scheduler.o
 .text.rt_system_scheduler_init
                0x0000000008001258       0x38 build/kernel/src/scheduler.o
                0x0000000008001258                rt_system_scheduler_init
 .text.rt_system_scheduler_start
                0x0000000008001290       0x38 build/kernel/src/scheduler.o
                0x0000000008001290                rt_system_scheduler_start
 .text.rt_schedule
                0x00000000080012c8      0x19c build/kernel/src/scheduler.o
                0x00000000080012c8                rt_schedule
 .text.rt_schedule_insert_thread
                0x0000000008001464       0xac build/kernel/src/scheduler.o
                0x0000000008001464                rt_schedule_insert_thread
 .text.rt_schedule_remove_thread
                0x0000000008001510       0x70 build/kernel/src/scheduler.o
                0x0000000008001510                rt_schedule_remove_thread
 .text.rt_enter_critical
                0x0000000008001580       0x2c build/kernel/src/scheduler.o
                0x0000000008001580                rt_enter_critical
 .text.rt_exit_critical
                0x00000000080015ac       0x54 build/kernel/src/scheduler.o
                0x00000000080015ac                rt_exit_critical
 .text.rt_list_insert_after
                0x0000000008001600       0x32 build/kernel/src/idle.o
 .text.rt_list_remove
                0x0000000008001632       0x36 build/kernel/src/idle.o
 .text.rt_thread_defunct_enqueue
                0x0000000008001668       0x20 build/kernel/src/idle.o
                0x0000000008001668                rt_thread_defunct_enqueue
 .text.rt_thread_defunct_dequeue
                0x0000000008001688       0x38 build/kernel/src/idle.o
                0x0000000008001688                rt_thread_defunct_dequeue
 .text.rt_defunct_execute
                0x00000000080016c0       0xac build/kernel/src/idle.o
 .text.rt_thread_idle_entry
                0x000000000800176c       0x38 build/kernel/src/idle.o
 .text.rt_thread_idle_init
                0x00000000080017a4       0x74 build/kernel/src/idle.o
                0x00000000080017a4                rt_thread_idle_init
 .text.rt_list_init
                0x0000000008001818       0x22 build/kernel/src/timer.o
 .text.rt_list_insert_after
                0x000000000800183a       0x32 build/kernel/src/timer.o
 .text.rt_list_remove
                0x000000000800186c       0x36 build/kernel/src/timer.o
 .text.rt_list_isempty
                0x00000000080018a2       0x24 build/kernel/src/timer.o
 .text._timer_init
                0x00000000080018c6       0x68 build/kernel/src/timer.o
 .text._timer_remove
                0x000000000800192e       0x34 build/kernel/src/timer.o
 *fill*         0x0000000008001962        0x2 00000000
 .text.rt_timer_init
                0x0000000008001964       0x4c build/kernel/src/timer.o
                0x0000000008001964                rt_timer_init
 .text.rt_timer_detach
                0x00000000080019b0       0x90 build/kernel/src/timer.o
                0x00000000080019b0                rt_timer_detach
 .text.rt_timer_start
                0x0000000008001a40      0x1f8 build/kernel/src/timer.o
                0x0000000008001a40                rt_timer_start
 .text.rt_timer_stop
                0x0000000008001c38       0x94 build/kernel/src/timer.o
                0x0000000008001c38                rt_timer_stop
 .text.rt_timer_control
                0x0000000008001ccc       0xd0 build/kernel/src/timer.o
                0x0000000008001ccc                rt_timer_control
 .text.rt_timer_check
                0x0000000008001d9c      0x108 build/kernel/src/timer.o
                0x0000000008001d9c                rt_timer_check
 .text.rt_system_timer_init
                0x0000000008001ea4       0x34 build/kernel/src/timer.o
                0x0000000008001ea4                rt_system_timer_init
 .text.rt_system_timer_thread_init
                0x0000000008001ed8        0xe build/kernel/src/timer.o
                0x0000000008001ed8                rt_system_timer_thread_init
 *fill*         0x0000000008001ee6        0x2 00000000
 .text.rt_interrupt_enter
                0x0000000008001ee8       0x40 build/kernel/src/irq.o
                0x0000000008001ee8                rt_interrupt_enter
 .text.rt_interrupt_leave
                0x0000000008001f28       0x40 build/kernel/src/irq.o
                0x0000000008001f28                rt_interrupt_leave
 .text.rt_interrupt_get_nest
                0x0000000008001f68       0x28 build/kernel/src/irq.o
                0x0000000008001f68                rt_interrupt_get_nest
 .text.rt_list_init
                0x0000000008001f90       0x22 build/kernel/src/ipc.o
 .text.rt_list_insert_before
                0x0000000008001fb2       0x32 build/kernel/src/ipc.o
 .text.rt_list_isempty
                0x0000000008001fe4       0x24 build/kernel/src/ipc.o
 .text._ipc_object_init
                0x0000000008002008       0x1c build/kernel/src/ipc.o
 .text._ipc_list_suspend
                0x0000000008002024       0xa4 build/kernel/src/ipc.o
 .text._ipc_list_resume
                0x00000000080020c8       0x20 build/kernel/src/ipc.o
 .text.rt_sem_init
                0x00000000080020e8       0x6c build/kernel/src/ipc.o
                0x00000000080020e8                rt_sem_init
 .text.rt_sem_take
                0x0000000008002154      0x160 build/kernel/src/ipc.o
                0x0000000008002154                rt_sem_take
 .text.rt_sem_release
                0x00000000080022b4       0xbc build/kernel/src/ipc.o
                0x00000000080022b4                rt_sem_release
 .text.rti_start
                0x0000000008002370       0x10 build/kernel/src/components.o
 .text.rti_board_start
                0x0000000008002380       0x10 build/kernel/src/components.o
 .text.rti_board_end
                0x0000000008002390       0x10 build/kernel/src/components.o
 .text.rti_end  0x00000000080023a0       0x10 build/kernel/src/components.o
 .text.rt_components_board_init
                0x00000000080023b0       0x30 build/kernel/src/components.o
                0x00000000080023b0                rt_components_board_init
 .text.rt_components_init
                0x00000000080023e0       0x30 build/kernel/src/components.o
                0x00000000080023e0                rt_components_init
 .text.entry    0x0000000008002410        0xe build/kernel/src/components.o
                0x0000000008002410                entry
 .text.main_thread_entry
                0x000000000800241e       0x18 build/kernel/src/components.o
                0x000000000800241e                main_thread_entry
 *fill*         0x0000000008002436        0x2 00000000
 .text.rt_application_init
                0x0000000008002438       0x4c build/kernel/src/components.o
                0x0000000008002438                rt_application_init
 .text.rtthread_startup
                0x0000000008002484       0x2e build/kernel/src/components.o
                0x0000000008002484                rtthread_startup
 .text.rt_list_init
                0x00000000080024b2       0x22 build/kernel/src/thread.o
 .text.rt_list_remove
                0x00000000080024d4       0x36 build/kernel/src/thread.o
 .text._thread_cleanup_execute
                0x000000000800250a       0x2c build/kernel/src/thread.o
 .text._thread_exit
                0x0000000008002536       0x5c build/kernel/src/thread.o
 *fill*         0x0000000008002592        0x2 00000000
 .text._thread_init
                0x0000000008002594       0xf8 build/kernel/src/thread.o
 .text.rt_thread_init
                0x000000000800268c       0x70 build/kernel/src/thread.o
                0x000000000800268c                rt_thread_init
 .text.rt_thread_self
                0x00000000080026fc       0x18 build/kernel/src/thread.o
                0x00000000080026fc                rt_thread_self
 .text.rt_thread_startup
                0x0000000008002714       0xa0 build/kernel/src/thread.o
                0x0000000008002714                rt_thread_startup
 .text.rt_thread_create
                0x00000000080027b4       0x62 build/kernel/src/thread.o
                0x00000000080027b4                rt_thread_create
 *fill*         0x0000000008002816        0x2 00000000
 .text.rt_thread_sleep
                0x0000000008002818       0x8c build/kernel/src/thread.o
                0x0000000008002818                rt_thread_sleep
 .text.rt_thread_mdelay
                0x00000000080028a4       0x20 build/kernel/src/thread.o
                0x00000000080028a4                rt_thread_mdelay
 .text.rt_thread_suspend
                0x00000000080028c4       0xcc build/kernel/src/thread.o
                0x00000000080028c4                rt_thread_suspend
 .text.rt_thread_resume
                0x0000000008002990       0x98 build/kernel/src/thread.o
                0x0000000008002990                rt_thread_resume
 .text.rt_thread_timeout
                0x0000000008002a28       0x90 build/kernel/src/thread.o
                0x0000000008002a28                rt_thread_timeout
 .text.rt_list_insert_after
                0x0000000008002ab8       0x32 build/kernel/src/object.o
 .text.rt_list_remove
                0x0000000008002aea       0x36 build/kernel/src/object.o
 .text.rt_object_get_information
                0x0000000008002b20       0x48 build/kernel/src/object.o
                0x0000000008002b20                rt_object_get_information
 .text.rt_object_init
                0x0000000008002b68       0xcc build/kernel/src/object.o
                0x0000000008002b68                rt_object_init
 .text.rt_object_detach
                0x0000000008002c34       0x5c build/kernel/src/object.o
                0x0000000008002c34                rt_object_detach
 .text.rt_object_allocate
                0x0000000008002c90       0xd8 build/kernel/src/object.o
                0x0000000008002c90                rt_object_allocate
 .text.rt_object_delete
                0x0000000008002d68       0x7c build/kernel/src/object.o
                0x0000000008002d68                rt_object_delete
 .text.rt_object_is_systemobject
                0x0000000008002de4       0x3c build/kernel/src/object.o
                0x0000000008002de4                rt_object_is_systemobject
 .text.rt_object_get_type
                0x0000000008002e20       0x34 build/kernel/src/object.o
                0x0000000008002e20                rt_object_get_type
 .text.rt_object_find
                0x0000000008002e54       0xb4 build/kernel/src/object.o
                0x0000000008002e54                rt_object_find
 .text.plug_holes
                0x0000000008002f08      0x104 build/kernel/src/mem.o
 .text.rt_system_heap_init
                0x000000000800300c      0x118 build/kernel/src/mem.o
                0x000000000800300c                rt_system_heap_init
 .text.rt_malloc
                0x0000000008003124      0x290 build/kernel/src/mem.o
                0x0000000008003124                rt_malloc
 .text.rt_calloc
                0x00000000080033b4       0x3c build/kernel/src/mem.o
                0x00000000080033b4                rt_calloc
 .text.rt_free  0x00000000080033f0      0x188 build/kernel/src/mem.o
                0x00000000080033f0                rt_free
 .text.list_mem
                0x0000000008003578       0x44 build/kernel/src/mem.o
                0x0000000008003578                list_mem
 .text.rt_set_errno
                0x00000000080035bc       0x40 build/kernel/src/kservice.o
                0x00000000080035bc                rt_set_errno
 .text.rt_memset
                0x00000000080035fc       0xb6 build/kernel/src/kservice.o
                0x00000000080035fc                rt_memset
 .text.rt_memcpy
                0x00000000080036b2       0xd2 build/kernel/src/kservice.o
                0x00000000080036b2                rt_memcpy
 .text.rt_memmove
                0x0000000008003784       0x82 build/kernel/src/kservice.o
                0x0000000008003784                rt_memmove
 .text.rt_strncpy
                0x0000000008003806       0x64 build/kernel/src/kservice.o
                0x0000000008003806                rt_strncpy
 .text.rt_strncmp
                0x000000000800386a       0x4a build/kernel/src/kservice.o
                0x000000000800386a                rt_strncmp
 .text.rt_strlen
                0x00000000080038b4       0x2e build/kernel/src/kservice.o
                0x00000000080038b4                rt_strlen
 *fill*         0x00000000080038e2        0x2 00000000
 .text.rt_show_version
                0x00000000080038e4       0x4c build/kernel/src/kservice.o
                0x00000000080038e4                rt_show_version
 .text.divide   0x0000000008003930       0x68 build/kernel/src/kservice.o
 .text.skip_atoi
                0x0000000008003998       0x40 build/kernel/src/kservice.o
 .text.print_number
                0x00000000080039d8      0x1dc build/kernel/src/kservice.o
 .text.rt_vsnprintf
                0x0000000008003bb4      0x560 build/kernel/src/kservice.o
                0x0000000008003bb4                rt_vsnprintf
 .text.rt_vsprintf
                0x0000000008004114       0x24 build/kernel/src/kservice.o
                0x0000000008004114                rt_vsprintf
 .text.rt_sprintf
                0x0000000008004138       0x2c build/kernel/src/kservice.o
                0x0000000008004138                rt_sprintf
 .text.rt_console_get_device
                0x0000000008004164       0x18 build/kernel/src/kservice.o
                0x0000000008004164                rt_console_get_device
 .text.rt_console_set_device
                0x000000000800417c       0x58 build/kernel/src/kservice.o
                0x000000000800417c                rt_console_set_device
 .text.rt_hw_console_output
                0x00000000080041d4       0x14 build/kernel/src/kservice.o
                0x00000000080041d4                rt_hw_console_output
 .text.rt_kprintf
                0x00000000080041e8       0x5c build/kernel/src/kservice.o
                0x00000000080041e8                rt_kprintf
 .text.rt_assert_handler
                0x0000000008004244       0x4c build/kernel/src/kservice.o
                0x0000000008004244                rt_assert_handler
 .text.rt_hw_stack_init
                0x0000000008004290       0x90 build/kernel/libcpu/arm/cortex-m7/cpuport.o
                0x0000000008004290                rt_hw_stack_init
 .text.usage_fault_track
                0x0000000008004320       0xc4 build/kernel/libcpu/arm/cortex-m7/cpuport.o
 .text.bus_fault_track
                0x00000000080043e4       0xcc build/kernel/libcpu/arm/cortex-m7/cpuport.o
 .text.mem_manage_fault_track
                0x00000000080044b0       0xb4 build/kernel/libcpu/arm/cortex-m7/cpuport.o
 .text.hard_fault_track
                0x0000000008004564       0x78 build/kernel/libcpu/arm/cortex-m7/cpuport.o
 .text.rt_hw_hard_fault_exception
                0x00000000080045dc      0x184 build/kernel/libcpu/arm/cortex-m7/cpuport.o
                0x00000000080045dc                rt_hw_hard_fault_exception
 .text.rt_hw_cpu_reset
                0x0000000008004760       0x1c build/kernel/libcpu/arm/cortex-m7/cpuport.o
                0x0000000008004760                rt_hw_cpu_reset
 .text.__rt_ffs
                0x000000000800477c       0x2a build/kernel/libcpu/arm/cortex-m7/cpuport.o
                0x000000000800477c                __rt_ffs
 *fill*         0x00000000080047a6        0x2 00000000
 .text._pin_read
                0x00000000080047a8       0x60 build/kernel/components/drivers/misc/pin.o
 .text._pin_write
                0x0000000008004808       0x5c build/kernel/components/drivers/misc/pin.o
 .text._pin_control
                0x0000000008004864       0x58 build/kernel/components/drivers/misc/pin.o
 .text.rt_device_pin_register
                0x00000000080048bc       0x74 build/kernel/components/drivers/misc/pin.o
                0x00000000080048bc                rt_device_pin_register
 .text.rt_pin_mode
                0x0000000008004930       0x40 build/kernel/components/drivers/misc/pin.o
                0x0000000008004930                rt_pin_mode
 .text.rt_pin_write
                0x0000000008004970       0x40 build/kernel/components/drivers/misc/pin.o
                0x0000000008004970                rt_pin_write
 .text.rt_list_init
                0x00000000080049b0       0x22 build/kernel/components/drivers/src/completion.o
 .text.rt_list_insert_before
                0x00000000080049d2       0x32 build/kernel/components/drivers/src/completion.o
 .text.rt_list_isempty
                0x0000000008004a04       0x24 build/kernel/components/drivers/src/completion.o
 .text.rt_completion_init
                0x0000000008004a28       0x44 build/kernel/components/drivers/src/completion.o
                0x0000000008004a28                rt_completion_init
 .text.rt_completion_wait
                0x0000000008004a6c       0xfc build/kernel/components/drivers/src/completion.o
                0x0000000008004a6c                rt_completion_wait
 .text.rt_completion_done
                0x0000000008004b68       0x70 build/kernel/components/drivers/src/completion.o
                0x0000000008004b68                rt_completion_done
 .text.rt_list_init
                0x0000000008004bd8       0x22 build/kernel/components/drivers/src/dataqueue.o
 .text.rt_list_insert_before
                0x0000000008004bfa       0x32 build/kernel/components/drivers/src/dataqueue.o
 .text.rt_list_isempty
                0x0000000008004c2c       0x24 build/kernel/components/drivers/src/dataqueue.o
 .text.rt_data_queue_init
                0x0000000008004c50       0xc0 build/kernel/components/drivers/src/dataqueue.o
                0x0000000008004c50                rt_data_queue_init
 .text.rt_data_queue_push
                0x0000000008004d10      0x1f0 build/kernel/components/drivers/src/dataqueue.o
                0x0000000008004d10                rt_data_queue_push
 .text.rt_data_queue_pop
                0x0000000008004f00      0x24c build/kernel/components/drivers/src/dataqueue.o
                0x0000000008004f00                rt_data_queue_pop
 .text.rt_data_queue_peek
                0x000000000800514c       0xa4 build/kernel/components/drivers/src/dataqueue.o
                0x000000000800514c                rt_data_queue_peek
 .text.rt_data_queue_reset
                0x00000000080051f0       0xfc build/kernel/components/drivers/src/dataqueue.o
                0x00000000080051f0                rt_data_queue_reset
 .text.rt_data_queue_deinit
                0x00000000080052ec       0x70 build/kernel/components/drivers/src/dataqueue.o
                0x00000000080052ec                rt_data_queue_deinit
 .text.rt_data_queue_len
                0x000000000800535c       0xc4 build/kernel/components/drivers/src/dataqueue.o
                0x000000000800535c                rt_data_queue_len
 .text._serial_poll_rx
                0x0000000008005420       0x80 build/kernel/components/drivers/serial/serial.o
 .text._serial_poll_tx
                0x00000000080054a0       0x7c build/kernel/components/drivers/serial/serial.o
 .text._serial_int_rx
                0x000000000800551c       0xd8 build/kernel/components/drivers/serial/serial.o
 .text._serial_int_tx
                0x00000000080055f4       0xc4 build/kernel/components/drivers/serial/serial.o
 .text._serial_check_buffer_size
                0x00000000080056b8       0x38 build/kernel/components/drivers/serial/serial.o
 .text._serial_fifo_calc_recved_len
                0x00000000080056f0       0x88 build/kernel/components/drivers/serial/serial.o
 .text.rt_dma_calc_recved_len
                0x0000000008005778       0x18 build/kernel/components/drivers/serial/serial.o
 .text.rt_dma_recv_update_get_index
                0x0000000008005790       0xa4 build/kernel/components/drivers/serial/serial.o
 .text.rt_dma_recv_update_put_index
                0x0000000008005834       0xf8 build/kernel/components/drivers/serial/serial.o
 .text._serial_dma_rx
                0x000000000800592c      0x198 build/kernel/components/drivers/serial/serial.o
 .text._serial_dma_tx
                0x0000000008005ac4       0x70 build/kernel/components/drivers/serial/serial.o
 .text.rt_serial_init
                0x0000000008005b34       0x5c build/kernel/components/drivers/serial/serial.o
 .text.rt_serial_open
                0x0000000008005b90      0x36c build/kernel/components/drivers/serial/serial.o
 .text.rt_serial_close
                0x0000000008005efc      0x1e0 build/kernel/components/drivers/serial/serial.o
 .text.rt_serial_read
                0x00000000080060dc       0x84 build/kernel/components/drivers/serial/serial.o
 .text.rt_serial_write
                0x0000000008006160       0x84 build/kernel/components/drivers/serial/serial.o
 .text.rt_serial_control
                0x00000000080061e4       0xd0 build/kernel/components/drivers/serial/serial.o
 .text.rt_hw_serial_register
                0x00000000080062b4       0x9c build/kernel/components/drivers/serial/serial.o
                0x00000000080062b4                rt_hw_serial_register
 .text.rt_hw_serial_isr
                0x0000000008006350      0x264 build/kernel/components/drivers/serial/serial.o
                0x0000000008006350                rt_hw_serial_isr
 .text.finsh_get_prompt
                0x00000000080065b4       0x7c build/kernel/components/finsh/shell.o
                0x00000000080065b4                finsh_get_prompt
 .text.finsh_set_prompt_mode
                0x0000000008006630       0x48 build/kernel/components/finsh/shell.o
                0x0000000008006630                finsh_set_prompt_mode
 .text.finsh_getchar
                0x0000000008006678       0x6c build/kernel/components/finsh/shell.o
                0x0000000008006678                finsh_getchar
 .text.finsh_rx_ind
                0x00000000080066e4       0x3c build/kernel/components/finsh/shell.o
 .text.finsh_set_device
                0x0000000008006720       0xd8 build/kernel/components/finsh/shell.o
                0x0000000008006720                finsh_set_device
 .text.shell_auto_complete
                0x00000000080067f8       0x34 build/kernel/components/finsh/shell.o
 .text.shell_handle_history
                0x000000000800682c       0x34 build/kernel/components/finsh/shell.o
 .text.shell_push_history
                0x0000000008006860      0x15e build/kernel/components/finsh/shell.o
 *fill*         0x00000000080069be        0x2 00000000
 .text.finsh_thread_entry
                0x00000000080069c0      0x5d0 build/kernel/components/finsh/shell.o
                0x00000000080069c0                finsh_thread_entry
 .text.finsh_system_function_init
                0x0000000008006f90       0x2c build/kernel/components/finsh/shell.o
                0x0000000008006f90                finsh_system_function_init
 .text.finsh_system_init
                0x0000000008006fbc       0x9c build/kernel/components/finsh/shell.o
                0x0000000008006fbc                finsh_system_init
 .text.msh_help
                0x0000000008007058       0x5c build/kernel/components/finsh/msh.o
                0x0000000008007058                msh_help
 .text.cmd_ps   0x00000000080070b4       0x18 build/kernel/components/finsh/msh.o
                0x00000000080070b4                cmd_ps
 .text.cmd_free
                0x00000000080070cc       0x18 build/kernel/components/finsh/msh.o
                0x00000000080070cc                cmd_free
 .text.msh_split
                0x00000000080070e4      0x170 build/kernel/components/finsh/msh.o
 .text.msh_get_cmd
                0x0000000008007254       0x64 build/kernel/components/finsh/msh.o
 .text._msh_exec_cmd
                0x00000000080072b8       0xd4 build/kernel/components/finsh/msh.o
 .text.msh_exec
                0x000000000800738c       0x8c build/kernel/components/finsh/msh.o
                0x000000000800738c                msh_exec
 .text.str_common
                0x0000000008007418       0x4a build/kernel/components/finsh/msh.o
 *fill*         0x0000000008007462        0x2 00000000
 .text.msh_auto_complete
                0x0000000008007464       0xb4 build/kernel/components/finsh/msh.o
                0x0000000008007464                msh_auto_complete
 .text.rt_list_isempty
                0x0000000008007518       0x24 build/kernel/components/finsh/cmd.o
 .text.rt_list_len
                0x000000000800753c       0x36 build/kernel/components/finsh/cmd.o
 *fill*         0x0000000008007572        0x2 00000000
 .text.hello    0x0000000008007574       0x14 build/kernel/components/finsh/cmd.o
                0x0000000008007574                hello
 .text.clear    0x0000000008007588       0x14 build/kernel/components/finsh/cmd.o
 .text.version  0x000000000800759c        0xe build/kernel/components/finsh/cmd.o
                0x000000000800759c                version
 *fill*         0x00000000080075aa        0x2 00000000
 .text.object_split
                0x00000000080075ac       0x28 build/kernel/components/finsh/cmd.o
 .text.list_find_init
                0x00000000080075d4       0x46 build/kernel/components/finsh/cmd.o
 .text.list_get_next
                0x000000000800761a       0xc6 build/kernel/components/finsh/cmd.o
 .text.list_thread
                0x00000000080076e0      0x208 build/kernel/components/finsh/cmd.o
                0x00000000080076e0                list_thread
 .text.show_wait_queue
                0x00000000080078e8       0x50 build/kernel/components/finsh/cmd.o
 .text.list_sem
                0x0000000008007938      0x12c build/kernel/components/finsh/cmd.o
                0x0000000008007938                list_sem
 .text.list_event
                0x0000000008007a64      0x118 build/kernel/components/finsh/cmd.o
                0x0000000008007a64                list_event
 .text.list_mutex
                0x0000000008007b7c       0xe8 build/kernel/components/finsh/cmd.o
                0x0000000008007b7c                list_mutex
 .text.list_mailbox
                0x0000000008007c64      0x13c build/kernel/components/finsh/cmd.o
                0x0000000008007c64                list_mailbox
 .text.list_msgqueue
                0x0000000008007da0      0x12c build/kernel/components/finsh/cmd.o
                0x0000000008007da0                list_msgqueue
 .text.list_mempool
                0x0000000008007ecc      0x144 build/kernel/components/finsh/cmd.o
                0x0000000008007ecc                list_mempool
 .text.list_timer
                0x0000000008008010      0x108 build/kernel/components/finsh/cmd.o
                0x0000000008008010                list_timer
 .text.list_device
                0x0000000008008118       0xf0 build/kernel/components/finsh/cmd.o
                0x0000000008008118                list_device
 .text.list     0x0000000008008208       0x6c build/kernel/components/finsh/cmd.o
                0x0000000008008208                list
 .text.__libc_init_array
                0x0000000008008274        0xe build/kernel/components/libc/compilers/gcc/newlib/syscalls.o
                0x0000000008008274                __libc_init_array
 *fill*         0x0000000008008282        0x2 00000000
 .text.HAL_RCC_OscConfig
                0x0000000008008284      0x820 libraries/STM32H7xx_HAL/STM32H7xx_HAL_Driver/Src/stm32h7xx_hal_rcc.o
                0x0000000008008284                HAL_RCC_OscConfig
 .text.HAL_RCC_ClockConfig
                0x0000000008008aa4      0x36c libraries/STM32H7xx_HAL/STM32H7xx_HAL_Driver/Src/stm32h7xx_hal_rcc.o
                0x0000000008008aa4                HAL_RCC_ClockConfig
 .text.HAL_RCC_GetSysClockFreq
                0x0000000008008e10      0x2e4 libraries/STM32H7xx_HAL/STM32H7xx_HAL_Driver/Src/stm32h7xx_hal_rcc.o
                0x0000000008008e10                HAL_RCC_GetSysClockFreq
 .text.HAL_RCC_GetHCLKFreq
                0x00000000080090f4       0x60 libraries/STM32H7xx_HAL/STM32H7xx_HAL_Driver/Src/stm32h7xx_hal_rcc.o
                0x00000000080090f4                HAL_RCC_GetHCLKFreq
 .text.HAL_RCC_GetPCLK1Freq
                0x0000000008009154       0x2c libraries/STM32H7xx_HAL/STM32H7xx_HAL_Driver/Src/stm32h7xx_hal_rcc.o
                0x0000000008009154                HAL_RCC_GetPCLK1Freq
 .text.HAL_RCC_GetPCLK2Freq
                0x0000000008009180       0x2c libraries/STM32H7xx_HAL/STM32H7xx_HAL_Driver/Src/stm32h7xx_hal_rcc.o
                0x0000000008009180                HAL_RCC_GetPCLK2Freq
 .text.HAL_RCCEx_PeriphCLKConfig
                0x00000000080091ac      0xdfc libraries/STM32H7xx_HAL/STM32H7xx_HAL_Driver/Src/stm32h7xx_hal_rcc_ex.o
                0x00000000080091ac                HAL_RCCEx_PeriphCLKConfig
 .text.HAL_RCCEx_GetD3PCLK1Freq
                0x0000000008009fa8       0x2c libraries/STM32H7xx_HAL/STM32H7xx_HAL_Driver/Src/stm32h7xx_hal_rcc_ex.o
                0x0000000008009fa8                HAL_RCCEx_GetD3PCLK1Freq
 .text.HAL_RCCEx_GetPLL2ClockFreq
                0x0000000008009fd4      0x298 libraries/STM32H7xx_HAL/STM32H7xx_HAL_Driver/Src/stm32h7xx_hal_rcc_ex.o
                0x0000000008009fd4                HAL_RCCEx_GetPLL2ClockFreq
 .text.HAL_RCCEx_GetPLL3ClockFreq
                0x000000000800a26c      0x298 libraries/STM32H7xx_HAL/STM32H7xx_HAL_Driver/Src/stm32h7xx_hal_rcc_ex.o
                0x000000000800a26c                HAL_RCCEx_GetPLL3ClockFreq
 .text.RCCEx_PLL2_Config
                0x000000000800a504      0x164 libraries/STM32H7xx_HAL/STM32H7xx_HAL_Driver/Src/stm32h7xx_hal_rcc_ex.o
 .text.RCCEx_PLL3_Config
                0x000000000800a668      0x164 libraries/STM32H7xx_HAL/STM32H7xx_HAL_Driver/Src/stm32h7xx_hal_rcc_ex.o
 .text.__NVIC_SetPriorityGrouping
                0x000000000800a7cc       0x48 libraries/STM32H7xx_HAL/STM32H7xx_HAL_Driver/Src/stm32h7xx_hal_cortex.o
 .text.__NVIC_GetPriorityGrouping
                0x000000000800a814       0x1c libraries/STM32H7xx_HAL/STM32H7xx_HAL_Driver/Src/stm32h7xx_hal_cortex.o
 .text.__NVIC_EnableIRQ
                0x000000000800a830       0x3c libraries/STM32H7xx_HAL/STM32H7xx_HAL_Driver/Src/stm32h7xx_hal_cortex.o
 .text.__NVIC_DisableIRQ
                0x000000000800a86c       0x44 libraries/STM32H7xx_HAL/STM32H7xx_HAL_Driver/Src/stm32h7xx_hal_cortex.o
 .text.__NVIC_SetPriority
                0x000000000800a8b0       0x54 libraries/STM32H7xx_HAL/STM32H7xx_HAL_Driver/Src/stm32h7xx_hal_cortex.o
 .text.NVIC_EncodePriority
                0x000000000800a904       0x66 libraries/STM32H7xx_HAL/STM32H7xx_HAL_Driver/Src/stm32h7xx_hal_cortex.o
 *fill*         0x000000000800a96a        0x2 00000000
 .text.SysTick_Config
                0x000000000800a96c       0x44 libraries/STM32H7xx_HAL/STM32H7xx_HAL_Driver/Src/stm32h7xx_hal_cortex.o
 .text.HAL_NVIC_SetPriorityGrouping
                0x000000000800a9b0       0x16 libraries/STM32H7xx_HAL/STM32H7xx_HAL_Driver/Src/stm32h7xx_hal_cortex.o
                0x000000000800a9b0                HAL_NVIC_SetPriorityGrouping
 .text.HAL_NVIC_SetPriority
                0x000000000800a9c6       0x34 libraries/STM32H7xx_HAL/STM32H7xx_HAL_Driver/Src/stm32h7xx_hal_cortex.o
                0x000000000800a9c6                HAL_NVIC_SetPriority
 .text.HAL_NVIC_EnableIRQ
                0x000000000800a9fa       0x1c libraries/STM32H7xx_HAL/STM32H7xx_HAL_Driver/Src/stm32h7xx_hal_cortex.o
                0x000000000800a9fa                HAL_NVIC_EnableIRQ
 .text.HAL_NVIC_DisableIRQ
                0x000000000800aa16       0x1c libraries/STM32H7xx_HAL/STM32H7xx_HAL_Driver/Src/stm32h7xx_hal_cortex.o
                0x000000000800aa16                HAL_NVIC_DisableIRQ
 .text.HAL_SYSTICK_Config
                0x000000000800aa32       0x18 libraries/STM32H7xx_HAL/STM32H7xx_HAL_Driver/Src/stm32h7xx_hal_cortex.o
                0x000000000800aa32                HAL_SYSTICK_Config
 *fill*         0x000000000800aa4a        0x2 00000000
 .text.HAL_GPIO_Init
                0x000000000800aa4c      0x360 libraries/STM32H7xx_HAL/STM32H7xx_HAL_Driver/Src/stm32h7xx_hal_gpio.o
                0x000000000800aa4c                HAL_GPIO_Init
 .text.HAL_GPIO_DeInit
                0x000000000800adac      0x214 libraries/STM32H7xx_HAL/STM32H7xx_HAL_Driver/Src/stm32h7xx_hal_gpio.o
                0x000000000800adac                HAL_GPIO_DeInit
 .text.HAL_GPIO_ReadPin
                0x000000000800afc0       0x30 libraries/STM32H7xx_HAL/STM32H7xx_HAL_Driver/Src/stm32h7xx_hal_gpio.o
                0x000000000800afc0                HAL_GPIO_ReadPin
 .text.HAL_GPIO_WritePin
                0x000000000800aff0       0x32 libraries/STM32H7xx_HAL/STM32H7xx_HAL_Driver/Src/stm32h7xx_hal_gpio.o
                0x000000000800aff0                HAL_GPIO_WritePin
 .text.HAL_GPIO_EXTI_IRQHandler
                0x000000000800b022       0x34 libraries/STM32H7xx_HAL/STM32H7xx_HAL_Driver/Src/stm32h7xx_hal_gpio.o
                0x000000000800b022                HAL_GPIO_EXTI_IRQHandler
 .text.HAL_UARTEx_WakeupCallback
                0x000000000800b056       0x14 libraries/STM32H7xx_HAL/STM32H7xx_HAL_Driver/Src/stm32h7xx_hal_uart_ex.o
                0x000000000800b056                HAL_UARTEx_WakeupCallback
 .text.HAL_UARTEx_RxFifoFullCallback
                0x000000000800b06a       0x14 libraries/STM32H7xx_HAL/STM32H7xx_HAL_Driver/Src/stm32h7xx_hal_uart_ex.o
                0x000000000800b06a                HAL_UARTEx_RxFifoFullCallback
 .text.HAL_UARTEx_TxFifoEmptyCallback
                0x000000000800b07e       0x14 libraries/STM32H7xx_HAL/STM32H7xx_HAL_Driver/Src/stm32h7xx_hal_uart_ex.o
                0x000000000800b07e                HAL_UARTEx_TxFifoEmptyCallback
 *fill*         0x000000000800b092        0x2 00000000
 .text.HAL_Init
                0x000000000800b094       0x78 libraries/STM32H7xx_HAL/STM32H7xx_HAL_Driver/Src/stm32h7xx_hal.o
                0x000000000800b094                HAL_Init
 .text.HAL_GetREVID
                0x000000000800b10c       0x18 libraries/STM32H7xx_HAL/STM32H7xx_HAL_Driver/Src/stm32h7xx_hal.o
                0x000000000800b10c                HAL_GetREVID
 .text.HAL_DMA_Init
                0x000000000800b124      0x6b8 libraries/STM32H7xx_HAL/STM32H7xx_HAL_Driver/Src/stm32h7xx_hal_dma.o
                0x000000000800b124                HAL_DMA_Init
 .text.HAL_DMA_DeInit
                0x000000000800b7dc      0x36c libraries/STM32H7xx_HAL/STM32H7xx_HAL_Driver/Src/stm32h7xx_hal_dma.o
                0x000000000800b7dc                HAL_DMA_DeInit
 .text.HAL_DMA_Start_IT
                0x000000000800bb48      0x4d4 libraries/STM32H7xx_HAL/STM32H7xx_HAL_Driver/Src/stm32h7xx_hal_dma.o
                0x000000000800bb48                HAL_DMA_Start_IT
 .text.HAL_DMA_Abort
                0x000000000800c01c      0x63c libraries/STM32H7xx_HAL/STM32H7xx_HAL_Driver/Src/stm32h7xx_hal_dma.o
                0x000000000800c01c                HAL_DMA_Abort
 .text.HAL_DMA_Abort_IT
                0x000000000800c658      0x488 libraries/STM32H7xx_HAL/STM32H7xx_HAL_Driver/Src/stm32h7xx_hal_dma.o
                0x000000000800c658                HAL_DMA_Abort_IT
 .text.DMA_SetConfig
                0x000000000800cae0      0x358 libraries/STM32H7xx_HAL/STM32H7xx_HAL_Driver/Src/stm32h7xx_hal_dma.o
 .text.DMA_CalcBaseAndBitshift
                0x000000000800ce38      0x164 libraries/STM32H7xx_HAL/STM32H7xx_HAL_Driver/Src/stm32h7xx_hal_dma.o
 .text.DMA_CheckFifoParam
                0x000000000800cf9c       0xf8 libraries/STM32H7xx_HAL/STM32H7xx_HAL_Driver/Src/stm32h7xx_hal_dma.o
 .text.DMA_CalcDMAMUXChannelBaseAndMask
                0x000000000800d094      0x134 libraries/STM32H7xx_HAL/STM32H7xx_HAL_Driver/Src/stm32h7xx_hal_dma.o
 .text.DMA_CalcDMAMUXRequestGenBaseAndMask
                0x000000000800d1c8       0xe8 libraries/STM32H7xx_HAL/STM32H7xx_HAL_Driver/Src/stm32h7xx_hal_dma.o
 .text.HAL_UART_Init
                0x000000000800d2b0       0xa0 libraries/STM32H7xx_HAL/STM32H7xx_HAL_Driver/Src/stm32h7xx_hal_uart.o
                0x000000000800d2b0                HAL_UART_Init
 .text.HAL_UART_DeInit
                0x000000000800d350       0x78 libraries/STM32H7xx_HAL/STM32H7xx_HAL_Driver/Src/stm32h7xx_hal_uart.o
                0x000000000800d350                HAL_UART_DeInit
 .text.HAL_UART_Transmit_DMA
                0x000000000800d3c8      0x100 libraries/STM32H7xx_HAL/STM32H7xx_HAL_Driver/Src/stm32h7xx_hal_uart.o
                0x000000000800d3c8                HAL_UART_Transmit_DMA
 .text.HAL_UART_Receive_DMA
                0x000000000800d4c8       0x8c libraries/STM32H7xx_HAL/STM32H7xx_HAL_Driver/Src/stm32h7xx_hal_uart.o
                0x000000000800d4c8                HAL_UART_Receive_DMA
 .text.HAL_UART_IRQHandler
                0x000000000800d554      0x578 libraries/STM32H7xx_HAL/STM32H7xx_HAL_Driver/Src/stm32h7xx_hal_uart.o
                0x000000000800d554                HAL_UART_IRQHandler
 .text.HAL_UART_TxHalfCpltCallback
                0x000000000800dacc       0x14 libraries/STM32H7xx_HAL/STM32H7xx_HAL_Driver/Src/stm32h7xx_hal_uart.o
                0x000000000800dacc                HAL_UART_TxHalfCpltCallback
 .text.HAL_UARTEx_RxEventCallback
                0x000000000800dae0       0x18 libraries/STM32H7xx_HAL/STM32H7xx_HAL_Driver/Src/stm32h7xx_hal_uart.o
                0x000000000800dae0                HAL_UARTEx_RxEventCallback
 .text.UART_SetConfig
                0x000000000800daf8      0xb58 libraries/STM32H7xx_HAL/STM32H7xx_HAL_Driver/Src/stm32h7xx_hal_uart.o
                0x000000000800daf8                UART_SetConfig
 .text.UART_AdvFeatureConfig
                0x000000000800e650      0x144 libraries/STM32H7xx_HAL/STM32H7xx_HAL_Driver/Src/stm32h7xx_hal_uart.o
                0x000000000800e650                UART_AdvFeatureConfig
 .text.UART_CheckIdleState
                0x000000000800e794       0x96 libraries/STM32H7xx_HAL/STM32H7xx_HAL_Driver/Src/stm32h7xx_hal_uart.o
                0x000000000800e794                UART_CheckIdleState
 .text.UART_WaitOnFlagUntilTimeout
                0x000000000800e82a      0x100 libraries/STM32H7xx_HAL/STM32H7xx_HAL_Driver/Src/stm32h7xx_hal_uart.o
                0x000000000800e82a                UART_WaitOnFlagUntilTimeout
 *fill*         0x000000000800e92a        0x2 00000000
 .text.UART_Start_Receive_DMA
                0x000000000800e92c       0xdc libraries/STM32H7xx_HAL/STM32H7xx_HAL_Driver/Src/stm32h7xx_hal_uart.o
                0x000000000800e92c                UART_Start_Receive_DMA
 .text.UART_EndTxTransfer
                0x000000000800ea08       0x3c libraries/STM32H7xx_HAL/STM32H7xx_HAL_Driver/Src/stm32h7xx_hal_uart.o
 .text.UART_EndRxTransfer
                0x000000000800ea44       0x64 libraries/STM32H7xx_HAL/STM32H7xx_HAL_Driver/Src/stm32h7xx_hal_uart.o
 .text.UART_DMATransmitCplt
                0x000000000800eaa8       0x50 libraries/STM32H7xx_HAL/STM32H7xx_HAL_Driver/Src/stm32h7xx_hal_uart.o
 .text.UART_DMATxHalfCplt
                0x000000000800eaf8       0x1c libraries/STM32H7xx_HAL/STM32H7xx_HAL_Driver/Src/stm32h7xx_hal_uart.o
 .text.UART_DMAReceiveCplt
                0x000000000800eb14       0x96 libraries/STM32H7xx_HAL/STM32H7xx_HAL_Driver/Src/stm32h7xx_hal_uart.o
 .text.UART_DMARxHalfCplt
                0x000000000800ebaa       0x38 libraries/STM32H7xx_HAL/STM32H7xx_HAL_Driver/Src/stm32h7xx_hal_uart.o
 .text.UART_DMAError
                0x000000000800ebe2       0x80 libraries/STM32H7xx_HAL/STM32H7xx_HAL_Driver/Src/stm32h7xx_hal_uart.o
 .text.UART_DMAAbortOnError
                0x000000000800ec62       0x2c libraries/STM32H7xx_HAL/STM32H7xx_HAL_Driver/Src/stm32h7xx_hal_uart.o
 .text.UART_EndTransmit_IT
                0x000000000800ec8e       0x34 libraries/STM32H7xx_HAL/STM32H7xx_HAL_Driver/Src/stm32h7xx_hal_uart.o
 *fill*         0x000000000800ecc2        0x2 00000000
 .text.HAL_PWREx_ConfigSupply
                0x000000000800ecc4       0x74 libraries/STM32H7xx_HAL/STM32H7xx_HAL_Driver/Src/stm32h7xx_hal_pwr_ex.o
                0x000000000800ecc4                HAL_PWREx_ConfigSupply
 .text.SystemInit
                0x000000000800ed38      0x118 libraries/STM32H7xx_HAL/CMSIS/Device/ST/STM32H7xx/Source/Templates/system_stm32h7xx.o
                0x000000000800ed38                SystemInit
 .text.stm32_pin_get
                0x000000000800ee50       0xb2 libraries/HAL_Drivers/drv_gpio.o
 *fill*         0x000000000800ef02        0x2 00000000
 .text.stm32_pin_write
                0x000000000800ef04       0x58 libraries/HAL_Drivers/drv_gpio.o
 .text.stm32_pin_read
                0x000000000800ef5c       0x5c libraries/HAL_Drivers/drv_gpio.o
 .text.stm32_pin_mode
                0x000000000800efb8       0xb4 libraries/HAL_Drivers/drv_gpio.o
 .text.bit2bitno
                0x000000000800f06c       0x3e libraries/HAL_Drivers/drv_gpio.o
 *fill*         0x000000000800f0aa        0x2 00000000
 .text.get_pin_irq_map
                0x000000000800f0ac       0x34 libraries/HAL_Drivers/drv_gpio.o
 .text.stm32_pin_attach_irq
                0x000000000800f0e0      0x150 libraries/HAL_Drivers/drv_gpio.o
 .text.stm32_pin_dettach_irq
                0x000000000800f230       0xd8 libraries/HAL_Drivers/drv_gpio.o
 .text.stm32_pin_irq_enable
                0x000000000800f308      0x22c libraries/HAL_Drivers/drv_gpio.o
 .text.pin_irq_hdr
                0x000000000800f534       0x54 libraries/HAL_Drivers/drv_gpio.o
 .text.HAL_GPIO_EXTI_Callback
                0x000000000800f588       0x22 libraries/HAL_Drivers/drv_gpio.o
                0x000000000800f588                HAL_GPIO_EXTI_Callback
 .text.EXTI0_IRQHandler
                0x000000000800f5aa       0x16 libraries/HAL_Drivers/drv_gpio.o
                0x000000000800f5aa                EXTI0_IRQHandler
 .text.EXTI1_IRQHandler
                0x000000000800f5c0       0x16 libraries/HAL_Drivers/drv_gpio.o
                0x000000000800f5c0                EXTI1_IRQHandler
 .text.EXTI2_IRQHandler
                0x000000000800f5d6       0x16 libraries/HAL_Drivers/drv_gpio.o
                0x000000000800f5d6                EXTI2_IRQHandler
 .text.EXTI3_IRQHandler
                0x000000000800f5ec       0x16 libraries/HAL_Drivers/drv_gpio.o
                0x000000000800f5ec                EXTI3_IRQHandler
 .text.EXTI4_IRQHandler
                0x000000000800f602       0x16 libraries/HAL_Drivers/drv_gpio.o
                0x000000000800f602                EXTI4_IRQHandler
 .text.EXTI9_5_IRQHandler
                0x000000000800f618       0x32 libraries/HAL_Drivers/drv_gpio.o
                0x000000000800f618                EXTI9_5_IRQHandler
 .text.EXTI15_10_IRQHandler
                0x000000000800f64a       0x40 libraries/HAL_Drivers/drv_gpio.o
                0x000000000800f64a                EXTI15_10_IRQHandler
 *fill*         0x000000000800f68a        0x2 00000000
 .text.rt_hw_pin_init
                0x000000000800f68c      0x170 libraries/HAL_Drivers/drv_gpio.o
                0x000000000800f68c                rt_hw_pin_init
 .text.__NVIC_DisableIRQ
                0x000000000800f7fc       0x44 libraries/HAL_Drivers/drv_usart.o
 .text.stm32_configure
                0x000000000800f840      0x170 libraries/HAL_Drivers/drv_usart.o
 .text.stm32_control
                0x000000000800f9b0      0x194 libraries/HAL_Drivers/drv_usart.o
 .text.stm32_uart_get_mask
                0x000000000800fb44       0x6a libraries/HAL_Drivers/drv_usart.o
                0x000000000800fb44                stm32_uart_get_mask
 *fill*         0x000000000800fbae        0x2 00000000
 .text.stm32_putc
                0x000000000800fbb0       0x58 libraries/HAL_Drivers/drv_usart.o
 .text.stm32_getc
                0x000000000800fc08       0x64 libraries/HAL_Drivers/drv_usart.o
 .text.stm32_dma_transmit
                0x000000000800fc6c       0x7c libraries/HAL_Drivers/drv_usart.o
 .text.uart_isr
                0x000000000800fce8      0x2d8 libraries/HAL_Drivers/drv_usart.o
 .text.dma_isr  0x000000000800ffc0      0x3b4 libraries/HAL_Drivers/drv_usart.o
 .text.USART3_IRQHandler
                0x0000000008010374       0x1c libraries/HAL_Drivers/drv_usart.o
                0x0000000008010374                USART3_IRQHandler
 .text.stm32_uart_get_dma_config
                0x0000000008010390       0x1c libraries/HAL_Drivers/drv_usart.o
 .text.stm32_dma_config
                0x00000000080103ac      0x1f4 libraries/HAL_Drivers/drv_usart.o
 .text.HAL_UART_ErrorCallback
                0x00000000080105a0       0x30 libraries/HAL_Drivers/drv_usart.o
                0x00000000080105a0                HAL_UART_ErrorCallback
 .text.HAL_UART_RxCpltCallback
                0x00000000080105d0       0x3c libraries/HAL_Drivers/drv_usart.o
                0x00000000080105d0                HAL_UART_RxCpltCallback
 .text.HAL_UART_RxHalfCpltCallback
                0x000000000801060c       0x3c libraries/HAL_Drivers/drv_usart.o
                0x000000000801060c                HAL_UART_RxHalfCpltCallback
 .text._dma_tx_complete
                0x0000000008010648      0x160 libraries/HAL_Drivers/drv_usart.o
 .text.HAL_UART_TxCpltCallback
                0x00000000080107a8       0x3c libraries/HAL_Drivers/drv_usart.o
                0x00000000080107a8                HAL_UART_TxCpltCallback
 .text.rt_hw_usart_init
                0x00000000080107e4      0x10c libraries/HAL_Drivers/drv_usart.o
                0x00000000080107e4                rt_hw_usart_init
 .text.__NVIC_SetPriority
                0x00000000080108f0       0x54 libraries/HAL_Drivers/drv_common.o
 .text.reboot   0x0000000008010944       0x18 libraries/HAL_Drivers/drv_common.o
 .text.rt_hw_systick_init
                0x000000000801095c       0x44 libraries/HAL_Drivers/drv_common.o
                0x000000000801095c                rt_hw_systick_init
 .text.SysTick_Handler
                0x00000000080109a0       0x28 libraries/HAL_Drivers/drv_common.o
                0x00000000080109a0                SysTick_Handler
 .text.HAL_GetTick
                0x00000000080109c8       0x24 libraries/HAL_Drivers/drv_common.o
                0x00000000080109c8                HAL_GetTick
 .text.HAL_IncTick
                0x00000000080109ec       0x24 libraries/HAL_Drivers/drv_common.o
                0x00000000080109ec                HAL_IncTick
 .text.HAL_InitTick
                0x0000000008010a10       0x16 libraries/HAL_Drivers/drv_common.o
                0x0000000008010a10                HAL_InitTick
 .text._Error_Handler
                0x0000000008010a26        0xc libraries/HAL_Drivers/drv_common.o
                0x0000000008010a26                _Error_Handler
 *fill*         0x0000000008010a32        0x2 00000000
 .text.rt_hw_board_init
                0x0000000008010a34       0x38 libraries/HAL_Drivers/drv_common.o
                0x0000000008010a34                rt_hw_board_init
 .text.memcmp   0x0000000008010a6c       0x64 /opt/gcc-arm-none-eabi-7-2018-q2-update/bin/../lib/gcc/arm-none-eabi/7.3.1/../../../../arm-none-eabi/lib/thumb/v7e-m/fpv5/hard/libc.a(lib_a-memcmp.o)
                0x0000000008010a6c                memcmp
 .text.memset   0x0000000008010ad0       0x94 /opt/gcc-arm-none-eabi-7-2018-q2-update/bin/../lib/gcc/arm-none-eabi/7.3.1/../../../../arm-none-eabi/lib/thumb/v7e-m/fpv5/hard/libc.a(lib_a-memset.o)
                0x0000000008010ad0                memset
 .text.strncmp  0x0000000008010b64       0x98 /opt/gcc-arm-none-eabi-7-2018-q2-update/bin/../lib/gcc/arm-none-eabi/7.3.1/../../../../arm-none-eabi/lib/thumb/v7e-m/fpv5/hard/libc.a(lib_a-strncmp.o)
                0x0000000008010b64                strncmp
 .text.strncpy  0x0000000008010bfc       0x64 /opt/gcc-arm-none-eabi-7-2018-q2-update/bin/../lib/gcc/arm-none-eabi/7.3.1/../../../../arm-none-eabi/lib/thumb/v7e-m/fpv5/hard/libc.a(lib_a-strncpy.o)
                0x0000000008010bfc                strncpy
 .text.startup.register_fini
                0x0000000008010c60       0x14 /opt/gcc-arm-none-eabi-7-2018-q2-update/bin/../lib/gcc/arm-none-eabi/7.3.1/../../../../arm-none-eabi/lib/thumb/v7e-m/fpv5/hard/libc.a(lib_a-__call_atexit.o)
 .text.atexit   0x0000000008010c74        0xc /opt/gcc-arm-none-eabi-7-2018-q2-update/bin/../lib/gcc/arm-none-eabi/7.3.1/../../../../arm-none-eabi/lib/thumb/v7e-m/fpv5/hard/libc.a(lib_a-atexit.o)
                0x0000000008010c74                atexit
 .text.__libc_fini_array
                0x0000000008010c80       0x34 /opt/gcc-arm-none-eabi-7-2018-q2-update/bin/../lib/gcc/arm-none-eabi/7.3.1/../../../../arm-none-eabi/lib/thumb/v7e-m/fpv5/hard/libc.a(lib_a-fini.o)
                0x0000000008010c80                __libc_fini_array
 .text.__retarget_lock_acquire_recursive
                0x0000000008010cb4        0x4 /opt/gcc-arm-none-eabi-7-2018-q2-update/bin/../lib/gcc/arm-none-eabi/7.3.1/../../../../arm-none-eabi/lib/thumb/v7e-m/fpv5/hard/libc.a(lib_a-lock.o)
                0x0000000008010cb4                __retarget_lock_acquire_recursive
 .text.__retarget_lock_release_recursive
                0x0000000008010cb8        0x4 /opt/gcc-arm-none-eabi-7-2018-q2-update/bin/../lib/gcc/arm-none-eabi/7.3.1/../../../../arm-none-eabi/lib/thumb/v7e-m/fpv5/hard/libc.a(lib_a-lock.o)
                0x0000000008010cb8                __retarget_lock_release_recursive
 .text.__register_exitproc
                0x0000000008010cbc       0xc0 /opt/gcc-arm-none-eabi-7-2018-q2-update/bin/../lib/gcc/arm-none-eabi/7.3.1/../../../../arm-none-eabi/lib/thumb/v7e-m/fpv5/hard/libc.a(lib_a-__atexit.o)
                0x0000000008010cbc                __register_exitproc
 *(.rodata)
 .rodata        0x0000000008010d7c        0xe build/board/board.o
 *fill*         0x0000000008010d8a        0x2 00000000
 .rodata        0x0000000008010d8c       0xf4 build/kernel/src/device.o
 .rodata        0x0000000008010e80       0x65 build/kernel/src/scheduler.o
 *fill*         0x0000000008010ee5        0x3 00000000
 .rodata        0x0000000008010ee8       0x34 build/kernel/src/idle.o
 .rodata        0x0000000008010f1c       0xd7 build/kernel/src/timer.o
 *fill*         0x0000000008010ff3        0x1 00000000
 .rodata        0x0000000008010ff4      0x476 build/kernel/src/ipc.o
 *fill*         0x000000000801146a        0x2 00000000
 .rodata        0x000000000801146c       0x17 build/kernel/src/components.o
 *fill*         0x0000000008011483        0x1 00000000
 .rodata        0x0000000008011484      0x19e build/kernel/src/thread.o
 *fill*         0x0000000008011622        0x2 00000000
 .rodata        0x0000000008011624       0x91 build/kernel/src/object.o
 *fill*         0x00000000080116b5        0x3 00000000
 .rodata        0x00000000080116b8      0x2fa build/kernel/src/mem.o
 *fill*         0x00000000080119b2        0x2 00000000
 .rodata        0x00000000080119b4       0xd7 build/kernel/src/kservice.o
 *fill*         0x0000000008011a8b        0x1 00000000
 .rodata        0x0000000008011a8c      0x2ce build/kernel/libcpu/arm/cortex-m7/cpuport.o
 *fill*         0x0000000008011d5a        0x2 00000000
 .rodata        0x0000000008011d5c       0x37 build/kernel/components/drivers/misc/pin.o
 *fill*         0x0000000008011d93        0x1 00000000
 .rodata        0x0000000008011d94       0x72 build/kernel/components/drivers/src/completion.o
 *fill*         0x0000000008011e06        0x2 00000000
 .rodata        0x0000000008011e08       0x90 build/kernel/components/drivers/src/dataqueue.o
 .rodata        0x0000000008011e98      0x19a build/kernel/components/drivers/serial/serial.o
 *fill*         0x0000000008012032        0x2 00000000
 .rodata        0x0000000008012034       0x91 build/kernel/components/finsh/shell.o
 *fill*         0x00000000080120c5        0x3 00000000
 .rodata        0x00000000080120c8       0x78 build/kernel/components/finsh/msh.o
 .rodata        0x0000000008012140      0x665 build/kernel/components/finsh/cmd.o
 *fill*         0x00000000080127a5        0x3 00000000
 .rodata        0x00000000080127a8        0x4 libraries/HAL_Drivers/drv_gpio.o
 .rodata        0x00000000080127ac       0x6c libraries/HAL_Drivers/drv_usart.o
 .rodata        0x0000000008012818        0x6 libraries/HAL_Drivers/drv_common.o
 *(.rodata*)
 *fill*         0x000000000801281e        0x2 00000000
 .rodata.__FUNCTION__.6145
                0x0000000008012820        0xf build/kernel/src/device.o
 *fill*         0x000000000801282f        0x1 00000000
 .rodata.__FUNCTION__.6150
                0x0000000008012830       0x10 build/kernel/src/device.o
 .rodata.__FUNCTION__.6157
                0x0000000008012840        0xf build/kernel/src/device.o
 *fill*         0x000000000801284f        0x1 00000000
 .rodata.__FUNCTION__.6164
                0x0000000008012850       0x10 build/kernel/src/device.o
 .rodata.__FUNCTION__.6177
                0x0000000008012860       0x1a build/kernel/src/device.o
 *fill*         0x000000000801287a        0x2 00000000
 .rodata.__FUNCTION__.6210
                0x000000000801287c       0x1a build/kernel/src/scheduler.o
 *fill*         0x0000000008012896        0x2 00000000
 .rodata.__FUNCTION__.6248
                0x0000000008012898       0x1a build/kernel/src/scheduler.o
 *fill*         0x00000000080128b2        0x2 00000000
 .rodata.__FUNCTION__.6254
                0x00000000080128b4       0x1a build/kernel/src/scheduler.o
 *fill*         0x00000000080128ce        0x2 00000000
 .rodata.__FUNCTION__.6228
                0x00000000080128d0       0x13 build/kernel/src/idle.o
 *fill*         0x00000000080128e3        0x1 00000000
 .rodata.__FUNCTION__.6238
                0x00000000080128e4        0xe build/kernel/src/timer.o
 *fill*         0x00000000080128f2        0x2 00000000
 .rodata.__FUNCTION__.6243
                0x00000000080128f4       0x10 build/kernel/src/timer.o
 .rodata.__FUNCTION__.6268
                0x0000000008012904        0xf build/kernel/src/timer.o
 *fill*         0x0000000008012913        0x1 00000000
 .rodata.__FUNCTION__.6285
                0x0000000008012914        0xe build/kernel/src/timer.o
 *fill*         0x0000000008012922        0x2 00000000
 .rodata.__FUNCTION__.6292
                0x0000000008012924       0x11 build/kernel/src/timer.o
 *fill*         0x0000000008012935        0x3 00000000
 .rodata.__FUNCTION__.6229
                0x0000000008012938        0xc build/kernel/src/ipc.o
 .rodata.__FUNCTION__.6253
                0x0000000008012944        0xc build/kernel/src/ipc.o
 .rodata.__FUNCTION__.6210
                0x0000000008012950       0x12 build/kernel/src/ipc.o
 *fill*         0x0000000008012962        0x2 00000000
 .rodata.__FUNCTION__.6264
                0x0000000008012964        0xf build/kernel/src/ipc.o
 *fill*         0x0000000008012973        0x1 00000000
 .rodata.__FUNCTION__.6236
                0x0000000008012974       0x14 build/kernel/src/components.o
 .rodata.__FUNCTION__.6225
                0x0000000008012988        0xd build/kernel/src/thread.o
 *fill*         0x0000000008012995        0x3 00000000
 .rodata.__FUNCTION__.6237
                0x0000000008012998        0xf build/kernel/src/thread.o
 *fill*         0x00000000080129a7        0x1 00000000
 .rodata.__FUNCTION__.6246
                0x00000000080129a8       0x12 build/kernel/src/thread.o
 *fill*         0x00000000080129ba        0x2 00000000
 .rodata.__FUNCTION__.6278
                0x00000000080129bc       0x10 build/kernel/src/thread.o
 .rodata.__FUNCTION__.6313
                0x00000000080129cc       0x12 build/kernel/src/thread.o
 *fill*         0x00000000080129de        0x2 00000000
 .rodata.__FUNCTION__.6318
                0x00000000080129e0       0x11 build/kernel/src/thread.o
 *fill*         0x00000000080129f1        0x3 00000000
 .rodata.__FUNCTION__.6324
                0x00000000080129f4       0x12 build/kernel/src/thread.o
 *fill*         0x0000000008012a06        0x2 00000000
 .rodata.__FUNCTION__.6267
                0x0000000008012a08        0xf build/kernel/src/object.o
 *fill*         0x0000000008012a17        0x1 00000000
 .rodata.__FUNCTION__.6276
                0x0000000008012a18       0x11 build/kernel/src/object.o
 *fill*         0x0000000008012a29        0x3 00000000
 .rodata.__FUNCTION__.6285
                0x0000000008012a2c       0x13 build/kernel/src/object.o
 *fill*         0x0000000008012a3f        0x1 00000000
 .rodata.__FUNCTION__.6290
                0x0000000008012a40       0x11 build/kernel/src/object.o
 *fill*         0x0000000008012a51        0x3 00000000
 .rodata.__FUNCTION__.6294
                0x0000000008012a54       0x1a build/kernel/src/object.o
 *fill*         0x0000000008012a6e        0x2 00000000
 .rodata.__FUNCTION__.6298
                0x0000000008012a70       0x13 build/kernel/src/object.o
 *fill*         0x0000000008012a83        0x1 00000000
 .rodata.__FUNCTION__.6307
                0x0000000008012a84        0xf build/kernel/src/object.o
 *fill*         0x0000000008012a93        0x1 00000000
 .rodata.__FUNCTION__.6218
                0x0000000008012a94        0xb build/kernel/src/mem.o
 *fill*         0x0000000008012a9f        0x1 00000000
 .rodata.__FUNCTION__.6227
                0x0000000008012aa0       0x14 build/kernel/src/mem.o
 .rodata.__FUNCTION__.6236
                0x0000000008012ab4        0xa build/kernel/src/mem.o
 *fill*         0x0000000008012abe        0x2 00000000
 .rodata.__FUNCTION__.6265
                0x0000000008012ac0        0x8 build/kernel/src/mem.o
 .rodata.large_digits.6361
                0x0000000008012ac8       0x11 build/kernel/src/kservice.o
 *fill*         0x0000000008012ad9        0x3 00000000
 .rodata.small_digits.6360
                0x0000000008012adc       0x11 build/kernel/src/kservice.o
 *fill*         0x0000000008012aed        0x3 00000000
 .rodata.__FUNCTION__.6190
                0x0000000008012af0        0xa build/kernel/components/drivers/misc/pin.o
 *fill*         0x0000000008012afa        0x2 00000000
 .rodata.__FUNCTION__.6199
                0x0000000008012afc        0xb build/kernel/components/drivers/misc/pin.o
 *fill*         0x0000000008012b07        0x1 00000000
 .rodata.__FUNCTION__.6207
                0x0000000008012b08        0xd build/kernel/components/drivers/misc/pin.o
 *fill*         0x0000000008012b15        0x3 00000000
 .rodata.__FUNCTION__.6234
                0x0000000008012b18        0xc build/kernel/components/drivers/misc/pin.o
 .rodata.__FUNCTION__.6239
                0x0000000008012b24        0xd build/kernel/components/drivers/misc/pin.o
 *fill*         0x0000000008012b31        0x3 00000000
 .rodata.__FUNCTION__.6591
                0x0000000008012b34       0x13 build/kernel/components/drivers/src/completion.o
 *fill*         0x0000000008012b47        0x1 00000000
 .rodata.__FUNCTION__.6599
                0x0000000008012b48       0x13 build/kernel/components/drivers/src/completion.o
 *fill*         0x0000000008012b5b        0x1 00000000
 .rodata.__FUNCTION__.6606
                0x0000000008012b5c       0x13 build/kernel/components/drivers/src/completion.o
 *fill*         0x0000000008012b6f        0x1 00000000
 .rodata.__FUNCTION__.6597
                0x0000000008012b70       0x13 build/kernel/components/drivers/src/dataqueue.o
 *fill*         0x0000000008012b83        0x1 00000000
 .rodata.__FUNCTION__.6607
                0x0000000008012b84       0x13 build/kernel/components/drivers/src/dataqueue.o
 *fill*         0x0000000008012b97        0x1 00000000
 .rodata.__FUNCTION__.6622
                0x0000000008012b98       0x12 build/kernel/components/drivers/src/dataqueue.o
 *fill*         0x0000000008012baa        0x2 00000000
 .rodata.__FUNCTION__.6634
                0x0000000008012bac       0x13 build/kernel/components/drivers/src/dataqueue.o
 *fill*         0x0000000008012bbf        0x1 00000000
 .rodata.__FUNCTION__.6640
                0x0000000008012bc0       0x14 build/kernel/components/drivers/src/dataqueue.o
 .rodata.__FUNCTION__.6651
                0x0000000008012bd4       0x15 build/kernel/components/drivers/src/dataqueue.o
 *fill*         0x0000000008012be9        0x3 00000000
 .rodata.__FUNCTION__.6657
                0x0000000008012bec       0x12 build/kernel/components/drivers/src/dataqueue.o
 *fill*         0x0000000008012bfe        0x2 00000000
 .rodata.__FUNCTION__.6640
                0x0000000008012c00       0x1d build/kernel/components/drivers/serial/serial.o
 *fill*         0x0000000008012c1d        0x3 00000000
 .rodata.__FUNCTION__.6649
                0x0000000008012c20       0x1d build/kernel/components/drivers/serial/serial.o
 *fill*         0x0000000008012c3d        0x3 00000000
 .rodata.__FUNCTION__.6655
                0x0000000008012c40       0x1d build/kernel/components/drivers/serial/serial.o
 *fill*         0x0000000008012c5d        0x3 00000000
 .rodata.__FUNCTION__.6681
                0x0000000008012c60        0xf build/kernel/components/drivers/serial/serial.o
 *fill*         0x0000000008012c6f        0x1 00000000
 .rodata.__FUNCTION__.6688
                0x0000000008012c70        0xf build/kernel/components/drivers/serial/serial.o
 *fill*         0x0000000008012c7f        0x1 00000000
 .rodata.__FUNCTION__.6698
                0x0000000008012c80       0x10 build/kernel/components/drivers/serial/serial.o
 .rodata.__FUNCTION__.6711
                0x0000000008012c90        0xf build/kernel/components/drivers/serial/serial.o
 *fill*         0x0000000008012c9f        0x1 00000000
 .rodata.__FUNCTION__.6615
                0x0000000008012ca0        0xf build/kernel/components/drivers/serial/serial.o
 *fill*         0x0000000008012caf        0x1 00000000
 .rodata.__FUNCTION__.6662
                0x0000000008012cb0        0xf build/kernel/components/drivers/serial/serial.o
 *fill*         0x0000000008012cbf        0x1 00000000
 .rodata.__FUNCTION__.6594
                0x0000000008012cc0       0x10 build/kernel/components/drivers/serial/serial.o
 .rodata.__FUNCTION__.6719
                0x0000000008012cd0       0x10 build/kernel/components/drivers/serial/serial.o
 .rodata.__FUNCTION__.6628
                0x0000000008012ce0        0xf build/kernel/components/drivers/serial/serial.o
 *fill*         0x0000000008012cef        0x1 00000000
 .rodata.__FUNCTION__.6604
                0x0000000008012cf0       0x10 build/kernel/components/drivers/serial/serial.o
 .rodata.__FUNCTION__.6727
                0x0000000008012d00       0x12 build/kernel/components/drivers/serial/serial.o
 *fill*         0x0000000008012d12        0x2 00000000
 .rodata.__FUNCTION__.6742
                0x0000000008012d14       0x16 build/kernel/components/drivers/serial/serial.o
 *fill*         0x0000000008012d2a        0x2 00000000
 .rodata.__FUNCTION__.6751
                0x0000000008012d2c       0x11 build/kernel/components/drivers/serial/serial.o
 *fill*         0x0000000008012d3d        0x3 00000000
 .rodata.__FUNCTION__.7119
                0x0000000008012d40       0x16 build/kernel/components/finsh/shell.o
 *fill*         0x0000000008012d56        0x2 00000000
 .rodata.__FUNCTION__.7125
                0x0000000008012d58        0xe build/kernel/components/finsh/shell.o
 *fill*         0x0000000008012d66        0x2 00000000
 .rodata.__FUNCTION__.7133
                0x0000000008012d68        0xd build/kernel/components/finsh/shell.o
 *fill*         0x0000000008012d75        0x3 00000000
 .rodata.__FUNCTION__.7138
                0x0000000008012d78       0x11 build/kernel/components/finsh/shell.o
 *fill*         0x0000000008012d89        0x3 00000000
 .rodata.name   0x0000000008012d8c       0x6d build/kernel/components/finsh/msh.o
                0x0000000008012d8c                __fsym_help_name
                0x0000000008012d94                __fsym_help_desc
                0x0000000008012dac                __fsym_ps_name
                0x0000000008012db0                __fsym_ps_desc
                0x0000000008012dcc                __fsym_free_name
                0x0000000008012dd4                __fsym_free_desc
 *fill*         0x0000000008012df9        0x3 00000000
 .rodata.__FUNCTION__.6551
                0x0000000008012dfc        0xe build/kernel/components/finsh/msh.o
 *fill*         0x0000000008012e0a        0x2 00000000
 .rodata.name   0x0000000008012e0c      0x1e4 build/kernel/components/finsh/cmd.o
                0x0000000008012e0c                __fsym_hello_name
                0x0000000008012e14                __fsym_hello_desc
                0x0000000008012e24                __fsym_clear_name
                0x0000000008012e2c                __fsym_clear_desc
                0x0000000008012e48                __fsym_version_name
                0x0000000008012e50                __fsym_version_desc
                0x0000000008012e78                __fsym_list_thread_name
                0x0000000008012e84                __fsym_list_thread_desc
                0x0000000008012e90                __fsym_list_sem_name
                0x0000000008012e9c                __fsym_list_sem_desc
                0x0000000008012eb8                __fsym_list_event_name
                0x0000000008012ec4                __fsym_list_event_desc
                0x0000000008012edc                __fsym_list_mutex_name
                0x0000000008012ee8                __fsym_list_mutex_desc
                0x0000000008012f00                __fsym_list_mailbox_name
                0x0000000008012f10                __fsym_list_mailbox_desc
                0x0000000008012f28                __fsym_list_msgqueue_name
                0x0000000008012f38                __fsym_list_msgqueue_desc
                0x0000000008012f58                __fsym_list_mempool_name
                0x0000000008012f68                __fsym_list_mempool_desc
                0x0000000008012f84                __fsym_list_timer_name
                0x0000000008012f90                __fsym_list_timer_desc
                0x0000000008012fa8                __fsym_list_device_name
                0x0000000008012fb4                __fsym_list_device_desc
                0x0000000008012fcc                __fsym_list_name
                0x0000000008012fd4                __fsym_list_desc
 .rodata.device_type_str
                0x0000000008012ff0       0x64 build/kernel/components/finsh/cmd.o
 .rodata.flagBitshiftOffset.10115
                0x0000000008013054        0x8 libraries/STM32H7xx_HAL/STM32H7xx_HAL_Driver/Src/stm32h7xx_hal_dma.o
 .rodata.UARTPrescTable
                0x000000000801305c       0x18 libraries/STM32H7xx_HAL/STM32H7xx_HAL_Driver/Src/stm32h7xx_hal_uart.o
                0x000000000801305c                UARTPrescTable
 .rodata.D1CorePrescTable
                0x0000000008013074       0x10 libraries/STM32H7xx_HAL/CMSIS/Device/ST/STM32H7xx/Source/Templates/system_stm32h7xx.o
                0x0000000008013074                D1CorePrescTable
 .rodata.pin_irq_map
                0x0000000008013084       0x40 libraries/HAL_Drivers/drv_gpio.o
 .rodata._stm32_pin_ops
                0x00000000080130c4       0x1c libraries/HAL_Drivers/drv_gpio.o
 .rodata.stm32_uart_ops
                0x00000000080130e0       0x14 libraries/HAL_Drivers/drv_usart.o
 .rodata.__FUNCTION__.11372
                0x00000000080130f4       0x10 libraries/HAL_Drivers/drv_usart.o
 .rodata.__FUNCTION__.11397
                0x0000000008013104        0xe libraries/HAL_Drivers/drv_usart.o
 *fill*         0x0000000008013112        0x2 00000000
 .rodata.__FUNCTION__.11413
                0x0000000008013114        0xb libraries/HAL_Drivers/drv_usart.o
 *fill*         0x000000000801311f        0x1 00000000
 .rodata.__FUNCTION__.11422
                0x0000000008013120        0xb libraries/HAL_Drivers/drv_usart.o
 *fill*         0x000000000801312b        0x1 00000000
 .rodata.__FUNCTION__.11430
                0x000000000801312c       0x13 libraries/HAL_Drivers/drv_usart.o
 *fill*         0x000000000801313f        0x1 00000000
 .rodata.__FUNCTION__.11438
                0x0000000008013140        0x9 libraries/HAL_Drivers/drv_usart.o
 *fill*         0x0000000008013149        0x3 00000000
 .rodata.__FUNCTION__.11446
                0x000000000801314c        0x8 libraries/HAL_Drivers/drv_usart.o
 .rodata.__FUNCTION__.11461
                0x0000000008013154       0x11 libraries/HAL_Drivers/drv_usart.o
 *fill*         0x0000000008013165        0x3 00000000
 .rodata.__FUNCTION__.11466
                0x0000000008013168       0x17 libraries/HAL_Drivers/drv_usart.o
 *fill*         0x000000000801317f        0x1 00000000
 .rodata.__FUNCTION__.11472
                0x0000000008013180       0x18 libraries/HAL_Drivers/drv_usart.o
 .rodata.__FUNCTION__.11477
                0x0000000008013198       0x1c libraries/HAL_Drivers/drv_usart.o
 .rodata.__FUNCTION__.11484
                0x00000000080131b4       0x11 libraries/HAL_Drivers/drv_usart.o
 *fill*         0x00000000080131c5        0x3 00000000
 .rodata.__FUNCTION__.11489
                0x00000000080131c8       0x18 libraries/HAL_Drivers/drv_usart.o
 .rodata.__FUNCTION__.11498
                0x00000000080131e0       0x11 libraries/HAL_Drivers/drv_usart.o
 *fill*         0x00000000080131f1        0x3 00000000
 .rodata.name   0x00000000080131f4       0x16 libraries/HAL_Drivers/drv_common.o
                0x00000000080131f4                __fsym_reboot_name
                0x00000000080131fc                __fsym_reboot_desc
 *fill*         0x000000000801320a        0x2 00000000
 .rodata._global_impure_ptr
                0x000000000801320c        0x4 /opt/gcc-arm-none-eabi-7-2018-q2-update/bin/../lib/gcc/arm-none-eabi/7.3.1/../../../../arm-none-eabi/lib/thumb/v7e-m/fpv5/hard/libc.a(lib_a-impure.o)
                0x000000000801320c                _global_impure_ptr
 *(.glue_7)
 .glue_7        0x0000000008013210        0x0 linker stubs
 *(.glue_7t)
 .glue_7t       0x0000000008013210        0x0 linker stubs
 *(.gnu.linkonce.t*)
                0x0000000008013210                . = ALIGN (0x4)
                0x0000000008013210                __fsymtab_start = .
 *(FSymTab)
 FSymTab        0x0000000008013210       0x24 build/kernel/components/finsh/msh.o
                0x0000000008013210                __fsym_help
                0x000000000801321c                __fsym_ps
                0x0000000008013228                __fsym_free
 FSymTab        0x0000000008013234       0x9c build/kernel/components/finsh/cmd.o
                0x0000000008013234                __fsym_hello
                0x0000000008013240                __fsym_clear
                0x000000000801324c                __fsym_version
                0x0000000008013258                __fsym_list_thread
                0x0000000008013264                __fsym_list_sem
                0x0000000008013270                __fsym_list_event
                0x000000000801327c                __fsym_list_mutex
                0x0000000008013288                __fsym_list_mailbox
                0x0000000008013294                __fsym_list_msgqueue
                0x00000000080132a0                __fsym_list_mempool
                0x00000000080132ac                __fsym_list_timer
                0x00000000080132b8                __fsym_list_device
                0x00000000080132c4                __fsym_list
 FSymTab        0x00000000080132d0        0xc libraries/HAL_Drivers/drv_common.o
                0x00000000080132d0                __fsym_reboot
                0x00000000080132dc                __fsymtab_end = .
                0x00000000080132dc                . = ALIGN (0x4)
                0x00000000080132dc                __vsymtab_start = .
 *(VSymTab)
                0x00000000080132dc                __vsymtab_end = .
                0x00000000080132dc                . = ALIGN (0x4)
                0x00000000080132dc                __rt_init_start = .
 *(SORT_BY_NAME(.rti_fn*))
 .rti_fn.0      0x00000000080132dc        0x4 build/kernel/src/components.o
                0x00000000080132dc                __rt_init_rti_start
 .rti_fn.0.end  0x00000000080132e0        0x4 build/kernel/src/components.o
                0x00000000080132e0                __rt_init_rti_board_start
 .rti_fn.1.end  0x00000000080132e4        0x4 build/kernel/src/components.o
                0x00000000080132e4                __rt_init_rti_board_end
 .rti_fn.6      0x00000000080132e8        0x4 build/kernel/components/finsh/shell.o
                0x00000000080132e8                __rt_init_finsh_system_init
 .rti_fn.6.end  0x00000000080132ec        0x4 build/kernel/src/components.o
                0x00000000080132ec                __rt_init_rti_end
                0x00000000080132f0                __rt_init_end = .
                0x00000000080132f0                . = ALIGN (0x4)
                [!provide]                        PROVIDE (__ctors_start__ = .)
 *(SORT_BY_NAME(.init_array.*))
 .init_array.00000
                0x00000000080132f0        0x4 /opt/gcc-arm-none-eabi-7-2018-q2-update/bin/../lib/gcc/arm-none-eabi/7.3.1/../../../../arm-none-eabi/lib/thumb/v7e-m/fpv5/hard/libc.a(lib_a-__call_atexit.o)
 *(.init_array)
 .init_array    0x00000000080132f4        0x4 /opt/gcc-arm-none-eabi-7-2018-q2-update/bin/../lib/gcc/arm-none-eabi/7.3.1/thumb/v7e-m/fpv5/hard/crtbegin.o
                [!provide]                        PROVIDE (__ctors_end__ = .)
                0x00000000080132f8                . = ALIGN (0x4)
                0x00000000080132f8                _etext = .
                0x00000000080132f8                __exidx_start = .

.vfp11_veneer   0x00000000080132f8        0x0
 .vfp11_veneer  0x00000000080132f8        0x0 linker stubs

.v4_bx          0x00000000080132f8        0x0
 .v4_bx         0x00000000080132f8        0x0 linker stubs

.init           0x00000000080132f8        0x4
 .init          0x00000000080132f8        0x4 /opt/gcc-arm-none-eabi-7-2018-q2-update/bin/../lib/gcc/arm-none-eabi/7.3.1/thumb/v7e-m/fpv5/hard/crti.o
                0x00000000080132f8                _init

.fini           0x00000000080132fc        0x4